Archive member included to satisfy reference by file (symbol)

../Middlewares/ST/AI/Lib\NetworkRuntime1020_CM4_GCC.a(ai_platform.o)
                              ./X-CUBE-AI/App/network.o (ai_buffer_array_item_set_address)
../Middlewares/ST/AI/Lib\NetworkRuntime1020_CM4_GCC.a(ai_platform_interface.o)
                              ./X-CUBE-AI/App/network.o (ai_platform_get_weights_map)
../Middlewares/ST/AI/Lib\NetworkRuntime1020_CM4_GCC.a(core_common.o)
                              ../Middlewares/ST/AI/Lib\NetworkRuntime1020_CM4_GCC.a(ai_platform_interface.o) (core_init)
../Middlewares/ST/AI/Lib\NetworkRuntime1020_CM4_GCC.a(core_mem_manager.o)
                              ../Middlewares/ST/AI/Lib\NetworkRuntime1020_CM4_GCC.a(ai_platform_interface.o) (core_mem_alloc)
../Middlewares/ST/AI/Lib\NetworkRuntime1020_CM4_GCC.a(layers.o)
                              ../Middlewares/ST/AI/Lib\NetworkRuntime1020_CM4_GCC.a(ai_platform_interface.o) (ai_check_custom_types)
../Middlewares/ST/AI/Lib\NetworkRuntime1020_CM4_GCC.a(layers_conv2d_generic_float.o)
                              ./X-CUBE-AI/App/network.o (forward_conv2d_if32of32wf32)
../Middlewares/ST/AI/Lib\NetworkRuntime1020_CM4_GCC.a(layers_nl_generic_float.o)
                              ./X-CUBE-AI/App/network.o (forward_relu)
../Middlewares/ST/AI/Lib\NetworkRuntime1020_CM4_GCC.a(layers_pool_generic_float.o)
                              ./X-CUBE-AI/App/network.o (forward_ap)
../Middlewares/ST/AI/Lib\NetworkRuntime1020_CM4_GCC.a(layers_conv2d_integer_scratch.o)
                              ../Middlewares/ST/AI/Lib\NetworkRuntime1020_CM4_GCC.a(layers.o) (get_dense_scratch_size_s8)
../Middlewares/ST/AI/Lib\NetworkRuntime1020_CM4_GCC.a(forward_lite_conv2d_if32of32wf32.o)
                              ../Middlewares/ST/AI/Lib\NetworkRuntime1020_CM4_GCC.a(layers_conv2d_generic_float.o) (forward_lite_conv2d_if32of32wf32)
../Middlewares/ST/AI/Lib\NetworkRuntime1020_CM4_GCC.a(lite_nl_softmax_if32of32.o)
                              ../Middlewares/ST/AI/Lib\NetworkRuntime1020_CM4_GCC.a(layers_nl_generic_float.o) (forward_lite_nl_softmax_if32of32_kernel)
../Middlewares/ST/AI/Lib\NetworkRuntime1020_CM4_GCC.a(lite_nl_relu_if32of32.o)
                              ../Middlewares/ST/AI/Lib\NetworkRuntime1020_CM4_GCC.a(layers_nl_generic_float.o) (forward_lite_nl_prelu_if32of32_kernel)
../Middlewares/ST/AI/Lib\NetworkRuntime1020_CM4_GCC.a(lite_dense_if32.o)
                              ../Middlewares/ST/AI/Lib\NetworkRuntime1020_CM4_GCC.a(layers_conv2d_generic_float.o) (lite_decompress_ilutof32)
../Middlewares/ST/AI/Lib\NetworkRuntime1020_CM4_GCC.a(lite_nl_generic_float.o)
                              ../Middlewares/ST/AI/Lib\NetworkRuntime1020_CM4_GCC.a(layers_nl_generic_float.o) (forward_lite_nl_softmax_if32of32)
../Middlewares/ST/AI/Lib\NetworkRuntime1020_CM4_GCC.a(st_int8_fill.o)
                              ../Middlewares/ST/AI/Lib\NetworkRuntime1020_CM4_GCC.a(ai_platform_interface.o) (st_int8_copy)
../Middlewares/ST/AI/Lib\NetworkRuntime1020_CM4_GCC.a(ai_math_helpers.o)
                              ../Middlewares/ST/AI/Lib\NetworkRuntime1020_CM4_GCC.a(layers_nl_generic_float.o) (ai_math_sqrt)
../Middlewares/ST/AI/Lib\NetworkRuntime1020_CM4_GCC.a(ai_datatypes_format.o)
                              ../Middlewares/ST/AI/Lib\NetworkRuntime1020_CM4_GCC.a(ai_platform_interface.o) (ai_array_to_buffer_fmt)
../Middlewares/ST/AI/Lib\NetworkRuntime1020_CM4_GCC.a(ai_datatypes_internal.o)
                              ../Middlewares/ST/AI/Lib\NetworkRuntime1020_CM4_GCC.a(ai_platform_interface.o) (ai_version_get)
../Middlewares/ST/AI/Lib\NetworkRuntime1020_CM4_GCC.a(ai_math_elementwise_mul_int8.o)
                              ../Middlewares/ST/AI/Lib\NetworkRuntime1020_CM4_GCC.a(ai_math_helpers.o) (ai_math_elementwise_mul_int8)
../Middlewares/ST/AI/Lib\NetworkRuntime1020_CM4_GCC.a(ai_math_elementwise_sum_int8.o)
                              ../Middlewares/ST/AI/Lib\NetworkRuntime1020_CM4_GCC.a(ai_math_helpers.o) (ai_math_elementwise_sum_int8)
../Middlewares/ST/AI/Lib\NetworkRuntime1020_CM4_GCC.a(st_align_factor.o)
                              ../Middlewares/ST/AI/Lib\NetworkRuntime1020_CM4_GCC.a(ai_math_helpers.o) (align_factor)
C:/ST/STM32CubeIDE_1.16.1/STM32CubeIDE/plugins/com.st.stm32cube.ide.mcu.externaltools.gnu-tools-for-stm32.13.3.rel1.win32_1.0.0.202411081344/tools/bin/../lib/gcc/arm-none-eabi/13.3.1/../../../../arm-none-eabi/lib/thumb/v7e-m+fp/hard\libc_nano.a(libc_a-exit.o)
                              C:/ST/STM32CubeIDE_1.16.1/STM32CubeIDE/plugins/com.st.stm32cube.ide.mcu.externaltools.gnu-tools-for-stm32.13.3.rel1.win32_1.0.0.202411081344/tools/bin/../lib/gcc/arm-none-eabi/13.3.1/../../../../arm-none-eabi/lib/thumb/v7e-m+fp/hard/crt0.o (exit)
[...]
Memory Configuration

Name             Origin             Length             Attributes
RAM              0x20000000         0x00020000         xrw
FLASH            0x08000000         0x00080000         xr
*default*        0x00000000         0xffffffff

Linker script and memory map

LOAD C:/ST/STM32CubeIDE_1.16.1/STM32CubeIDE/plugins/com.st.stm32cube.ide.mcu.externaltools.gnu-tools-for-stm32.13.3.rel1.win32_1.0.0.202411081344/tools/bin/../lib/gcc/arm-none-eabi/13.3.1/thumb/v7e-m+fp/hard/crti.o
LOAD C:/ST/STM32CubeIDE_1.16.1/STM32CubeIDE/plugins/com.st.stm32cube.ide.mcu.externaltools.gnu-tools-for-stm32.13.3.rel1.win32_1.0.0.202411081344/tools/bin/../lib/gcc/arm-none-eabi/13.3.1/thumb/v7e-m+fp/hard/crtbegin.o
LOAD C:/ST/STM32CubeIDE_1.16.1/STM32CubeIDE/plugins/com.st.stm32cube.ide.mcu.externaltools.gnu-tools-for-stm32.13.3.rel1.win32_1.0.0.202411081344/tools/bin/../lib/gcc/arm-none-eabi/13.3.1/../../../../arm-none-eabi/lib/thumb/v7e-m+fp/hard/crt0.o
LOAD ./Core/Src/main.o
LOAD ./Core/Src/stm32f4xx_hal_msp.o
LOAD ./Core/Src/stm32f4xx_it.o
LOAD ./Core/Src/syscalls.o
LOAD ./Core/Src/sysmem.o
LOAD ./Core/Src/system_stm32f4xx.o
LOAD ./Core/Startup/startup_stm32f411ceux.o
LOAD ./Drivers/STM32F4xx_HAL_Driver/Src/stm32f4xx_hal.o
LOAD ./Drivers/STM32F4xx_HAL_Driver/Src/stm32f4xx_hal_cortex.o
LOAD ./Drivers/STM32F4xx_HAL_Driver/Src/stm32f4xx_hal_dma.o
LOAD ./Drivers/STM32F4xx_HAL_Driver/Src/stm32f4xx_hal_dma_ex.o
LOAD ./Drivers/STM32F4xx_HAL_Driver/Src/stm32f4xx_hal_exti.o
LOAD ./Drivers/STM32F4xx_HAL_Driver/Src/stm32f4xx_hal_flash.o
LOAD ./Drivers/STM32F4xx_HAL_Driver/Src/stm32f4xx_hal_flash_ex.o
LOAD ./Drivers/STM32F4xx_HAL_Driver/Src/stm32f4xx_hal_flash_ramfunc.o
LOAD ./Drivers/STM32F4xx_HAL_Driver/Src/stm32f4xx_hal_gpio.o
LOAD ./Drivers/STM32F4xx_HAL_Driver/Src/stm32f4xx_hal_pwr.o
LOAD ./Drivers/STM32F4xx_HAL_Driver/Src/stm32f4xx_hal_pwr_ex.o
LOAD ./Drivers/STM32F4xx_HAL_Driver/Src/stm32f4xx_hal_rcc.o
LOAD ./Drivers/STM32F4xx_HAL_Driver/Src/stm32f4xx_hal_rcc_ex.o
LOAD ./X-CUBE-AI/App/app_x-cube-ai.o
LOAD ./X-CUBE-AI/App/network.o
LOAD ./X-CUBE-AI/App/network_data.o
LOAD ./X-CUBE-AI/App/network_data_params.o
LOAD ../Middlewares/ST/AI/Lib\NetworkRuntime1020_CM4_GCC.a
START GROUP
LOAD C:/ST/STM32CubeIDE_1.16.1/STM32CubeIDE/plugins/com.st.stm32cube.ide.mcu.externaltools.gnu-tools-for-stm32.13.3.rel1.win32_1.0.0.202411081344/tools/bin/../lib/gcc/arm-none-eabi/13.3.1/../../../../arm-none-eabi/lib/thumb/v7e-m+fp/hard\libc_nano.a
LOAD C:/ST/STM32CubeIDE_1.16.1/STM32CubeIDE/plugins/com.st.stm32cube.ide.mcu.externaltools.gnu-tools-for-stm32.13.3.rel1.win32_1.0.0.202411081344/tools/bin/../lib/gcc/arm-none-eabi/13.3.1/../../../../arm-none-eabi/lib/thumb/v7e-m+fp/hard\libm.a
END GROUP
START GROUP
LOAD C:/ST/STM32CubeIDE_1.16.1/STM32CubeIDE/plugins/com.st.stm32cube.ide.mcu.externaltools.gnu-tools-for-stm32.13.3.rel1.win32_1.0.0.202411081344/tools/bin/../lib/gcc/arm-none-eabi/13.3.1/thumb/v7e-m+fp/hard\libgcc.a
LOAD C:/ST/STM32CubeIDE_1.16.1/STM32CubeIDE/plugins/com.st.stm32cube.ide.mcu.externaltools.gnu-tools-for-stm32.13.3.rel1.win32_1.0.0.202411081344/tools/bin/../lib/gcc/arm-none-eabi/13.3.1/../../../../arm-none-eabi/lib/thumb/v7e-m+fp/hard\libc_nano.a
END GROUP
START GROUP
LOAD C:/ST/STM32CubeIDE_1.16.1/STM32CubeIDE/plugins/com.st.stm32cube.ide.mcu.externaltools.gnu-tools-for-stm32.13.3.rel1.win32_1.0.0.202411081344/tools/bin/../lib/gcc/arm-none-eabi/13.3.1/thumb/v7e-m+fp/hard\libgcc.a
LOAD C:/ST/STM32CubeIDE_1.16.1/STM32CubeIDE/plugins/com.st.stm32cube.ide.mcu.externaltools.gnu-tools-for-stm32.13.3.rel1.win32_1.0.0.202411081344/tools/bin/../lib/gcc/arm-none-eabi/13.3.1/../../../../arm-none-eabi/lib/thumb/v7e-m+fp/hard\libc_nano.a
LOAD C:/ST/STM32CubeIDE_1.16.1/STM32CubeIDE/plugins/com.st.stm32cube.ide.mcu.externaltools.gnu-tools-for-stm32.13.3.rel1.win32_1.0.0.202411081344/tools/bin/../lib/gcc/arm-none-eabi/13.3.1/../../../../arm-none-eabi/lib/thumb/v7e-m+fp/hard\libnosys.a
END GROUP
START GROUP
LOAD C:/ST/STM32CubeIDE_1.16.1/STM32CubeIDE/plugins/com.st.stm32cube.ide.mcu.externaltools.gnu-tools-for-stm32.13.3.rel1.win32_1.0.0.202411081344/tools/bin/../lib/gcc/arm-none-eabi/13.3.1/thumb/v7e-m+fp/hard\libgcc.a
LOAD C:/ST/STM32CubeIDE_1.16.1/STM32CubeIDE/plugins/com.st.stm32cube.ide.mcu.externaltools.gnu-tools-for-stm32.13.3.rel1.win32_1.0.0.202411081344/tools/bin/../lib/gcc/arm-none-eabi/13.3.1/../../../../arm-none-eabi/lib/thumb/v7e-m+fp/hard\libc_nano.a
LOAD C:/ST/STM32CubeIDE_1.16.1/STM32CubeIDE/plugins/com.st.stm32cube.ide.mcu.externaltools.gnu-tools-for-stm32.13.3.rel1.win32_1.0.0.202411081344/tools/bin/../lib/gcc/arm-none-eabi/13.3.1/../../../../arm-none-eabi/lib/thumb/v7e-m+fp/hard\libnosys.a
END GROUP
LOAD C:/ST/STM32CubeIDE_1.16.1/STM32CubeIDE/plugins/com.st.stm32cube.ide.mcu.externaltools.gnu-tools-for-stm32.13.3.rel1.win32_1.0.0.202411081344/tools/bin/../lib/gcc/arm-none-eabi/13.3.1/thumb/v7e-m+fp/hard/crtend.o
LOAD C:/ST/STM32CubeIDE_1.16.1/STM32CubeIDE/plugins/com.st.stm32cube.ide.mcu.externaltools.gnu-tools-for-stm32.13.3.rel1.win32_1.0.0.202411081344/tools/bin/../lib/gcc/arm-none-eabi/13.3.1/thumb/v7e-m+fp/hard/crtn.o
                0x20020000                        _estack = (ORIGIN (RAM) + LENGTH (RAM))
                0x00000800                        _Min_Heap_Size = 0x800
                0x00000800                        _Min_Stack_Size = 0x800

.isr_vector     0x08000000      0x198
                0x08000000                        . = ALIGN (0x4)
 *(.isr_vector)
 .isr_vector    0x08000000      0x198 ./Core/Startup/startup_stm32f411ceux.o
                0x08000000                g_pfnVectors
                0x08000198                        . = ALIGN (0x4)

.text           0x080001a0     0x6378
                0x080001a0                        . = ALIGN (0x4)
 *(.text)
 .text          0x080001a0       0x40 C:/ST/STM32CubeIDE_1.16.1/STM32CubeIDE/plugins/com.st.stm32cube.ide.mcu.externaltools.gnu-tools-for-stm32.13.3.rel1.win32_1.0.0.202411081344/tools/bin/../lib/gcc/arm-none-eabi/13.3.1/thumb/v7e-m+fp/hard/crtbegin.o
 .text          0x080001e0       0xa0 C:/ST/STM32CubeIDE_1.16.1/STM32CubeIDE/plugins/com.st.stm32cube.ide.mcu.externaltools.gnu-tools-for-stm32.13.3.rel1.win32_1.0.0.202411081344/tools/bin/../lib/gcc/arm-none-eabi/13.3.1/../../../../arm-none-eabi/lib/thumb/v7e-m+fp/hard\libc_nano.a(libc_a-memchr.o)
                0x080001e0                memchr
 .text          0x08000280      0x378 C:/ST/STM32CubeIDE_1.16.1/STM32CubeIDE/plugins/com.st.stm32cube.ide.mcu.externaltools.gnu-tools-for-stm32.13.3.rel1.win32_1.0.0.202411081344/tools/bin/../lib/gcc/arm-none-eabi/13.3.1/thumb/v7e-m+fp/hard\libgcc.a(_arm_addsubdf3.o)
                0x08000280                __aeabi_drsub
                0x08000288                __aeabi_dsub
                0x08000288                __subdf3
                0x0800028c                __aeabi_dadd
                0x0800028c                __adddf3
                0x08000504                __floatunsidf
                0x08000504                __aeabi_ui2d
                0x08000524                __floatsidf
                0x08000524                __aeabi_i2d
                0x08000548                __aeabi_f2d
                0x08000548                __extendsfdf2
                0x0800058c                __floatundidf
                0x0800058c                __aeabi_ul2d
                0x0800059c                __floatdidf
                0x0800059c                __aeabi_l2d
 .text          0x080005f8      0x424 C:/ST/STM32CubeIDE_1.16.1/STM32CubeIDE/plugins/com.st.stm32cube.ide.mcu.externaltools.gnu-tools-for-stm32.13.3.rel1.win32_1.0.0.202411081344/tools/bin/../lib/gcc/arm-none-eabi/13.3.1/thumb/v7e-m+fp/hard\libgcc.a(_arm_muldivdf3.o)
                0x080005f8                __aeabi_dmul
                0x080005f8                __muldf3
                0x0800084c                __divdf3
                0x0800084c                __aeabi_ddiv
 .text          0x08000a1c       0x40 C:/ST/STM32CubeIDE_1.16.1/STM32CubeIDE/plugins/com.st.stm32cube.ide.mcu.externaltools.gnu-tools-for-stm32.13.3.rel1.win32_1.0.0.202411081344/tools/bin/../lib/gcc/arm-none-eabi/13.3.1/thumb/v7e-m+fp/hard\libgcc.a(_arm_fixunsdfsi.o)
                0x08000a1c                __aeabi_d2uiz
                0x08000a1c                __fixunsdfsi
 .text          0x08000a5c       0x30 C:/ST/STM32CubeIDE_1.16.1/STM32CubeIDE/plugins/com.st.stm32cube.ide.mcu.externaltools.gnu-tools-for-stm32.13.3.rel1.win32_1.0.0.202411081344/tools/bin/../lib/gcc/arm-none-eabi/13.3.1/thumb/v7e-m+fp/hard\libgcc.a(_aeabi_uldivmod.o)
                0x08000a5c                __aeabi_uldivmod
 .text          0x08000a8c      0x2f8 C:/ST/STM32CubeIDE_1.16.1/STM32CubeIDE/plugins/com.st.stm32cube.ide.mcu.externaltools.gnu-tools-for-stm32.13.3.rel1.win32_1.0.0.202411081344/tools/bin/../lib/gcc/arm-none-eabi/13.3.1/thumb/v7e-m+fp/hard\libgcc.a(_udivmoddi4.o)
                0x08000a8c                __udivmoddi4
 .text          0x08000d84        0x4 C:/ST/STM32CubeIDE_1.16.1/STM32CubeIDE/plugins/com.st.stm32cube.ide.mcu.externaltools.gnu-tools-for-stm32.13.3.rel1.win32_1.0.0.202411081344/tools/bin/../lib/gcc/arm-none-eabi/13.3.1/thumb/v7e-m+fp/hard\libgcc.a(_dvmd_tls.o)
                0x08000d84                __aeabi_idiv0
                0x08000d84                __aeabi_ldiv0
 *(.text*)
 .text.main     0x08000d88       0x1a ./Core/Src/main.o
                0x08000d88                main
 *fill*         0x08000da2        0x2 
 .text.SystemClock_Config
                0x08000da4       0xbc ./Core/Src/main.o
                0x08000da4                SystemClock_Config
 .text.MX_GPIO_Init
                0x08000e60       0x34 ./Core/Src/main.o
 .text.Error_Handler
                0x08000e94        0xc ./Core/Src/main.o
                0x08000e94                Error_Handler
 .text.HAL_MspInit
                0x08000ea0       0x50 ./Core/Src/stm32f4xx_hal_msp.o
                0x08000ea0                HAL_MspInit
 .text.NMI_Handler
                0x08000ef0        0x8 ./Core/Src/stm32f4xx_it.o
                0x08000ef0                NMI_Handler
 .text.HardFault_Handler
                0x08000ef8        0x8 ./Core/Src/stm32f4xx_it.o
                0x08000ef8                HardFault_Handler
 .text.MemManage_Handler
                0x08000f00        0x8 ./Core/Src/stm32f4xx_it.o
                0x08000f00                MemManage_Handler
 .text.BusFault_Handler
                0x08000f08        0x8 ./Core/Src/stm32f4xx_it.o
                0x08000f08                BusFault_Handler
 .text.UsageFault_Handler
                0x08000f10        0x8 ./Core/Src/stm32f4xx_it.o
                0x08000f10                UsageFault_Handler
 .text.SVC_Handler
                0x08000f18        0xe ./Core/Src/stm32f4xx_it.o
                0x08000f18                SVC_Handler
 .text.DebugMon_Handler
                0x08000f26        0xe ./Core/Src/stm32f4xx_it.o
                0x08000f26                DebugMon_Handler
 .text.PendSV_Handler
                0x08000f34        0xe ./Core/Src/stm32f4xx_it.o
                0x08000f34                PendSV_Handler
 .text.SysTick_Handler
                0x08000f42        0xc ./Core/Src/stm32f4xx_it.o
                0x08000f42                SysTick_Handler
 .text._read    0x08000f4e       0x3a ./Core/Src/syscalls.o
                0x08000f4e                _read
 .text._write   0x08000f88       0x38 ./Core/Src/syscalls.o
                0x08000f88                _write
 .text._close   0x08000fc0       0x18 ./Core/Src/syscalls.o
                0x08000fc0                _close
 .text._fstat   0x08000fd8       0x20 ./Core/Src/syscalls.o
                0x08000fd8                _fstat
 .text._isatty  0x08000ff8       0x16 ./Core/Src/syscalls.o
                0x08000ff8                _isatty
 .text._lseek   0x0800100e       0x1a ./Core/Src/syscalls.o
                0x0800100e                _lseek
 .text._sbrk    0x08001028       0x6c ./Core/Src/sysmem.o
                0x08001028                _sbrk
 .text.SystemInit
                0x08001094       0x24 ./Core/Src/system_stm32f4xx.o
                0x08001094                SystemInit
 .text.Reset_Handler
                0x080010b8       0x50 ./Core/Startup/startup_stm32f411ceux.o
                0x080010b8                Reset_Handler
 .text.Default_Handler
                0x08001108        0x2 ./Core/Startup/startup_stm32f411ceux.o
                0x08001108                RTC_Alarm_IRQHandler
                0x08001108                EXTI2_IRQHandler
                0x08001108                SPI4_IRQHandler
                0x08001108                TIM1_CC_IRQHandler
                0x08001108                DMA2_Stream5_IRQHandler
                0x08001108                DMA1_Stream5_IRQHandler
                0x08001108                PVD_IRQHandler
                0x08001108                SDIO_IRQHandler
                0x08001108                TAMP_STAMP_IRQHandler
                0x08001108                EXTI3_IRQHandler
                0x08001108                TIM1_UP_TIM10_IRQHandler
                0x08001108                I2C3_ER_IRQHandler
                0x08001108                EXTI0_IRQHandler
                0x08001108                I2C2_EV_IRQHandler
                0x08001108                DMA1_Stream2_IRQHandler
                0x08001108                FPU_IRQHandler
                0x08001108                DMA2_Stream2_IRQHandler
                0x08001108                SPI1_IRQHandler
                0x08001108                TIM1_BRK_TIM9_IRQHandler
                0x08001108                DMA2_Stream3_IRQHandler
                0x08001108                USART6_IRQHandler
                0x08001108                DMA2_Stream0_IRQHandler
                0x08001108                TIM4_IRQHandler
                0x08001108                I2C1_EV_IRQHandler
                0x08001108                DMA1_Stream6_IRQHandler
                0x08001108                DMA1_Stream1_IRQHandler
                0x08001108                TIM3_IRQHandler
                0x08001108                RCC_IRQHandler
                0x08001108                Default_Handler
                0x08001108                EXTI15_10_IRQHandler
                0x08001108                ADC_IRQHandler
                0x08001108                DMA1_Stream7_IRQHandler
                0x08001108                SPI5_IRQHandler
                0x08001108                TIM5_IRQHandler
                0x08001108                DMA2_Stream7_IRQHandler
                0x08001108                I2C3_EV_IRQHandler
                0x08001108                EXTI9_5_IRQHandler
                0x08001108                RTC_WKUP_IRQHandler
                0x08001108                SPI2_IRQHandler
                0x08001108                DMA1_Stream0_IRQHandler
                0x08001108                EXTI4_IRQHandler
                0x08001108                WWDG_IRQHandler
                0x08001108                TIM2_IRQHandler
                0x08001108                OTG_FS_WKUP_IRQHandler
                0x08001108                TIM1_TRG_COM_TIM11_IRQHandler
                0x08001108                EXTI1_IRQHandler
                0x08001108                USART2_IRQHandler
                0x08001108                I2C2_ER_IRQHandler
                0x08001108                DMA2_Stream1_IRQHandler
                0x08001108                FLASH_IRQHandler
                0x08001108                DMA2_Stream4_IRQHandler
                0x08001108                USART1_IRQHandler
                0x08001108                OTG_FS_IRQHandler
                0x08001108                SPI3_IRQHandler
                0x08001108                DMA1_Stream4_IRQHandler
                0x08001108                I2C1_ER_IRQHandler
                0x08001108                DMA2_Stream6_IRQHandler
                0x08001108                DMA1_Stream3_IRQHandler
 *fill*         0x0800110a        0x2 
 .text.HAL_Init
                0x0800110c       0x44 ./Drivers/STM32F4xx_HAL_Driver/Src/stm32f4xx_hal.o
                0x0800110c                HAL_Init
 .text.HAL_InitTick
                0x08001150       0x60 ./Drivers/STM32F4xx_HAL_Driver/Src/stm32f4xx_hal.o
                0x08001150                HAL_InitTick
 .text.HAL_IncTick
                0x080011b0       0x28 ./Drivers/STM32F4xx_HAL_Driver/Src/stm32f4xx_hal.o
                0x080011b0                HAL_IncTick
 .text.HAL_GetTick
                0x080011d8       0x18 ./Drivers/STM32F4xx_HAL_Driver/Src/stm32f4xx_hal.o
                0x080011d8                HAL_GetTick
 .text.__NVIC_SetPriorityGrouping
                0x080011f0       0x48 ./Drivers/STM32F4xx_HAL_Driver/Src/stm32f4xx_hal_cortex.o
 .text.__NVIC_GetPriorityGrouping
                0x08001238       0x1c ./Drivers/STM32F4xx_HAL_Driver/Src/stm32f4xx_hal_cortex.o
 .text.__NVIC_SetPriority
                0x08001254       0x54 ./Drivers/STM32F4xx_HAL_Driver/Src/stm32f4xx_hal_cortex.o
 .text.NVIC_EncodePriority
                0x080012a8       0x66 ./Drivers/STM32F4xx_HAL_Driver/Src/stm32f4xx_hal_cortex.o
 *fill*         0x0800130e        0x2 
 .text.SysTick_Config
                0x08001310       0x44 ./Drivers/STM32F4xx_HAL_Driver/Src/stm32f4xx_hal_cortex.o
 .text.HAL_NVIC_SetPriorityGrouping
                0x08001354       0x16 ./Drivers/STM32F4xx_HAL_Driver/Src/stm32f4xx_hal_cortex.o
                0x08001354                HAL_NVIC_SetPriorityGrouping
 .text.HAL_NVIC_SetPriority
                0x0800136a       0x38 ./Drivers/STM32F4xx_HAL_Driver/Src/stm32f4xx_hal_cortex.o
                0x0800136a                HAL_NVIC_SetPriority
 .text.HAL_SYSTICK_Config
                0x080013a2       0x18 ./Drivers/STM32F4xx_HAL_Driver/Src/stm32f4xx_hal_cortex.o
                0x080013a2                HAL_SYSTICK_Config
 *fill*         0x080013ba        0x2 
 .text.HAL_RCC_OscConfig
                0x080013bc      0x4f0 ./Drivers/STM32F4xx_HAL_Driver/Src/stm32f4xx_hal_rcc.o
                0x080013bc                HAL_RCC_OscConfig
 .text.HAL_RCC_ClockConfig
                0x080018ac      0x1cc ./Drivers/STM32F4xx_HAL_Driver/Src/stm32f4xx_hal_rcc.o
                0x080018ac                HAL_RCC_ClockConfig
 .text.HAL_RCC_GetSysClockFreq
                0x08001a78      0x18c ./Drivers/STM32F4xx_HAL_Driver/Src/stm32f4xx_hal_rcc.o
                0x08001a78                HAL_RCC_GetSysClockFreq
 .text.HAL_RCC_GetHCLKFreq
                0x08001c04       0x18 ./Drivers/STM32F4xx_HAL_Driver/Src/stm32f4xx_hal_rcc.o
                0x08001c04                HAL_RCC_GetHCLKFreq
 .text.ai_log_err
                0x08001c1c       0x44 ./X-CUBE-AI/App/app_x-cube-ai.o
 .text.ai_boostrap
                0x08001c60       0xc8 ./X-CUBE-AI/App/app_x-cube-ai.o
 .text.ai_run   0x08001d28       0x54 ./X-CUBE-AI/App/app_x-cube-ai.o
 .text.acquire_and_process_data
                0x08001d7c       0x3e ./X-CUBE-AI/App/app_x-cube-ai.o
                0x08001d7c                acquire_and_process_data
 *fill*         0x08001dba        0x2 
 .text.post_process
                0x08001dbc       0x48 ./X-CUBE-AI/App/app_x-cube-ai.o
                0x08001dbc                post_process
 .text.init_dwt
                0x08001e04       0x34 ./X-CUBE-AI/App/app_x-cube-ai.o
                0x08001e04                init_dwt
 .text.time_in  0x08001e38       0x24 ./X-CUBE-AI/App/app_x-cube-ai.o
                0x08001e38                time_in
 .text.time_out
                0x08001e5c       0x2c ./X-CUBE-AI/App/app_x-cube-ai.o
                0x08001e5c                time_out
 .text.MX_X_CUBE_AI_Init
                0x08001e88       0x44 ./X-CUBE-AI/App/app_x-cube-ai.o
                0x08001e88                MX_X_CUBE_AI_Init
 *fill*         0x08001ecc        0x4 
 .text.MX_X_CUBE_AI_Process
                0x08001ed0       0xb4 ./X-CUBE-AI/App/app_x-cube-ai.o
                0x08001ed0                MX_X_CUBE_AI_Process
 .text.network_configure_activations
                0x08001f84      0x320 ./X-CUBE-AI/App/network.o
 .text.network_configure_weights
                0x080022a4      0x37c ./X-CUBE-AI/App/network.o
 .text.ai_network_get_error
                0x08002620       0x18 ./X-CUBE-AI/App/network.o
                0x08002620                ai_network_get_error
 .text.ai_network_create
                0x08002638       0x2c ./X-CUBE-AI/App/network.o
                0x08002638                ai_network_create
 .text.ai_network_create_and_init
                0x08002664       0xfc ./X-CUBE-AI/App/network.o
                0x08002664                ai_network_create_and_init
 .text.ai_network_inputs_get
                0x08002760       0x34 ./X-CUBE-AI/App/network.o
                0x08002760                ai_network_inputs_get
 .text.ai_network_outputs_get
                0x08002794       0x34 ./X-CUBE-AI/App/network.o
                0x08002794                ai_network_outputs_get
 .text.ai_network_init
                0x080027c8       0x78 ./X-CUBE-AI/App/network.o
                0x080027c8                ai_network_init
 .text.ai_network_run
                0x08002840       0x20 ./X-CUBE-AI/App/network.o
                0x08002840                ai_network_run
 .text.ai_network_data_params_get
                0x08002860       0x50 ./X-CUBE-AI/App/network_data.o
                0x08002860                ai_network_data_params_get
 .text.ai_buffer_get_size
                0x080028b0       0x64 ../Middlewares/ST/AI/Lib\NetworkRuntime1020_CM4_GCC.a(ai_platform.o)
                0x080028b0                ai_buffer_get_size
 .text.ai_buffer_array_sane
                0x08002914       0x14 ../Middlewares/ST/AI/Lib\NetworkRuntime1020_CM4_GCC.a(ai_platform.o)
                0x08002914                ai_buffer_array_sane
 .text.ai_buffer_array_item_set_address
                0x08002928       0x1c ../Middlewares/ST/AI/Lib\NetworkRuntime1020_CM4_GCC.a(ai_platform.o)
                0x08002928                ai_buffer_array_item_set_address
 .text.ai_platform_get_weights_map
                0x08002944       0xa4 ../Middlewares/ST/AI/Lib\NetworkRuntime1020_CM4_GCC.a(ai_platform_interface.o)
                0x08002944                ai_platform_get_weights_map
 .text.ai_platform_get_activations_map
                0x080029e8       0xa8 ../Middlewares/ST/AI/Lib\NetworkRuntime1020_CM4_GCC.a(ai_platform_interface.o)
                0x080029e8                ai_platform_get_activations_map
 .text.ai_platform_bind_network_params
                0x08002a90       0x44 ../Middlewares/ST/AI/Lib\NetworkRuntime1020_CM4_GCC.a(ai_platform_interface.o)
                0x08002a90                ai_platform_bind_network_params
 .text.ai_platform_network_get_error
                0x08002ad4       0x18 ../Middlewares/ST/AI/Lib\NetworkRuntime1020_CM4_GCC.a(ai_platform_interface.o)
                0x08002ad4                ai_platform_network_get_error
 .text.ai_platform_network_set_error
                0x08002aec        0xc ../Middlewares/ST/AI/Lib\NetworkRuntime1020_CM4_GCC.a(ai_platform_interface.o)
                0x08002aec                ai_platform_network_set_error
 .text.ai_platform_inputs_get
                0x08002af8       0xec ../Middlewares/ST/AI/Lib\NetworkRuntime1020_CM4_GCC.a(ai_platform_interface.o)
                0x08002af8                ai_platform_inputs_get
 .text.ai_platform_outputs_get
                0x08002be4       0xe4 ../Middlewares/ST/AI/Lib\NetworkRuntime1020_CM4_GCC.a(ai_platform_interface.o)
                0x08002be4                ai_platform_outputs_get
 .text.ai_platform_network_create
                0x08002cc8       0x84 ../Middlewares/ST/AI/Lib\NetworkRuntime1020_CM4_GCC.a(ai_platform_interface.o)
                0x08002cc8                ai_platform_network_create
 .text.ai_platform_network_init
                0x08002d4c      0x130 ../Middlewares/ST/AI/Lib\NetworkRuntime1020_CM4_GCC.a(ai_platform_interface.o)
                0x08002d4c                ai_platform_network_init
 .text.ai_platform_network_post_init
                0x08002e7c       0x5c ../Middlewares/ST/AI/Lib\NetworkRuntime1020_CM4_GCC.a(ai_platform_interface.o)
                0x08002e7c                ai_platform_network_post_init
 .text.ai_platform_network_process
                0x08002ed8      0x438 ../Middlewares/ST/AI/Lib\NetworkRuntime1020_CM4_GCC.a(ai_platform_interface.o)
                0x08002ed8                ai_platform_network_process
 .text.core_init
                0x08003310        0x4 ../Middlewares/ST/AI/Lib\NetworkRuntime1020_CM4_GCC.a(core_common.o)
                0x08003310                core_init
 .text.core_get_error
                0x08003314        0xc ../Middlewares/ST/AI/Lib\NetworkRuntime1020_CM4_GCC.a(core_common.o)
                0x08003314                core_get_error
 .text.core_set_error
                0x08003320       0x18 ../Middlewares/ST/AI/Lib\NetworkRuntime1020_CM4_GCC.a(core_common.o)
                0x08003320                core_set_error
 .text.ai_check_custom_types
                0x08003338       0x54 ../Middlewares/ST/AI/Lib\NetworkRuntime1020_CM4_GCC.a(layers.o)
                0x08003338                ai_check_custom_types
 .text.ai_layers_init_all
                0x0800338c       0x20 ../Middlewares/ST/AI/Lib\NetworkRuntime1020_CM4_GCC.a(layers.o)
                0x0800338c                ai_layers_init_all
 .text.ai_layers_post_init_all
                0x080033ac       0x3c ../Middlewares/ST/AI/Lib\NetworkRuntime1020_CM4_GCC.a(layers.o)
                0x080033ac                ai_layers_post_init_all
 .text.ai_layers_forward_all
                0x080033e8       0x90 ../Middlewares/ST/AI/Lib\NetworkRuntime1020_CM4_GCC.a(layers.o)
                0x080033e8                ai_layers_forward_all
 .text.forward_conv2d_if32of32wf32
                0x08003478      0x1c4 ../Middlewares/ST/AI/Lib\NetworkRuntime1020_CM4_GCC.a(layers_conv2d_generic_float.o)
                0x08003478                forward_conv2d_if32of32wf32
 .text.forward_dw_if32of32wf32
                0x0800363c      0x178 ../Middlewares/ST/AI/Lib\NetworkRuntime1020_CM4_GCC.a(layers_conv2d_generic_float.o)
                0x0800363c                forward_dw_if32of32wf32
 .text.forward_dense
                0x080037b4      0x100 ../Middlewares/ST/AI/Lib\NetworkRuntime1020_CM4_GCC.a(layers_conv2d_generic_float.o)
                0x080037b4                forward_dense
 .text.forward_relu
                0x080038b4      0x134 ../Middlewares/ST/AI/Lib\NetworkRuntime1020_CM4_GCC.a(layers_nl_generic_float.o)
                0x080038b4                forward_relu
 .text.forward_sm
                0x080039e8       0x84 ../Middlewares/ST/AI/Lib\NetworkRuntime1020_CM4_GCC.a(layers_nl_generic_float.o)
                0x080039e8                forward_sm
 .text.forward_ap
                0x08003a6c      0x228 ../Middlewares/ST/AI/Lib\NetworkRuntime1020_CM4_GCC.a(layers_pool_generic_float.o)
                0x08003a6c                forward_ap
 .text.forward_lite_conv2d_if32of32wf32
                0x08003c94      0x5a8 ../Middlewares/ST/AI/Lib\NetworkRuntime1020_CM4_GCC.a(forward_lite_conv2d_if32of32wf32.o)
                0x08003c94                forward_lite_conv2d_if32of32wf32
 .text.forward_lite_dw_if32of32wf32
                0x0800423c      0x40c ../Middlewares/ST/AI/Lib\NetworkRuntime1020_CM4_GCC.a(forward_lite_conv2d_if32of32wf32.o)
                0x0800423c                forward_lite_dw_if32of32wf32
 .text.forward_lite_nl_softmax_if32of32_kernel
                0x08004648       0xf0 ../Middlewares/ST/AI/Lib\NetworkRuntime1020_CM4_GCC.a(lite_nl_softmax_if32of32.o)
                0x08004648                forward_lite_nl_softmax_if32of32_kernel
 .text.forward_lite_nl_relu_generic_if32of32_kernel
                0x08004738       0xf0 ../Middlewares/ST/AI/Lib\NetworkRuntime1020_CM4_GCC.a(lite_nl_relu_if32of32.o)
                0x08004738                forward_lite_nl_relu_generic_if32of32_kernel
 .text.lite_decompress_ilutof32
                0x08004828       0xac ../Middlewares/ST/AI/Lib\NetworkRuntime1020_CM4_GCC.a(lite_dense_if32.o)
                0x08004828                lite_decompress_ilutof32
 .text.forward_lite_dense_if32of32wf32
                0x080048d4      0x2ac ../Middlewares/ST/AI/Lib\NetworkRuntime1020_CM4_GCC.a(lite_dense_if32.o)
                0x080048d4                forward_lite_dense_if32of32wf32
 .text.forward_lite_dense_if32of32wf32_lut4
                0x08004b80      0x288 ../Middlewares/ST/AI/Lib\NetworkRuntime1020_CM4_GCC.a(lite_dense_if32.o)
                0x08004b80                forward_lite_dense_if32of32wf32_lut4
 .text.forward_lite_dense_if32of32wf32_lut8
                0x08004e08      0x298 ../Middlewares/ST/AI/Lib\NetworkRuntime1020_CM4_GCC.a(lite_dense_if32.o)
                0x08004e08                forward_lite_dense_if32of32wf32_lut8
 .text.forward_lite_nl_softmax_if32of32
                0x080050a0       0x64 ../Middlewares/ST/AI/Lib\NetworkRuntime1020_CM4_GCC.a(lite_nl_generic_float.o)
                0x080050a0                forward_lite_nl_softmax_if32of32
 .text.st_int8_copy
                0x08005104      0x13c ../Middlewares/ST/AI/Lib\NetworkRuntime1020_CM4_GCC.a(st_int8_fill.o)
                0x08005104                st_int8_copy
 .text.ai_array_to_buffer_fmt
                0x08005240       0xe0 ../Middlewares/ST/AI/Lib\NetworkRuntime1020_CM4_GCC.a(ai_datatypes_format.o)
                0x08005240                ai_array_to_buffer_fmt
 .text.ai_array_get_data_byte_size
                0x08005320       0x24 ../Middlewares/ST/AI/Lib\NetworkRuntime1020_CM4_GCC.a(ai_datatypes_format.o)
                0x08005320                ai_array_get_data_byte_size
 .text.ai_version_get
                0x08005344        0xc ../Middlewares/ST/AI/Lib\NetworkRuntime1020_CM4_GCC.a(ai_datatypes_internal.o)
                0x08005344                ai_version_get
 .text.get_tensor_byte_size
                0x08005350       0x30 ../Middlewares/ST/AI/Lib\NetworkRuntime1020_CM4_GCC.a(ai_datatypes_internal.o)
                0x08005350                get_tensor_byte_size
 .text.sbrk_aligned
                0x08005380       0x44 C:/ST/STM32CubeIDE_1.16.1/STM32CubeIDE/plugins/com.st.stm32cube.ide.mcu.externaltools.gnu-tools-for-stm32.13.3.rel1.win32_1.0.0.202411081344/tools/bin/../lib/gcc/arm-none-eabi/13.3.1/../../../../arm-none-eabi/lib/thumb/v7e-m+fp/hard\libc_nano.a(libc_a-mallocr.o)
 .text._malloc_r
                0x080053c4      0x100 C:/ST/STM32CubeIDE_1.16.1/STM32CubeIDE/plugins/com.st.stm32cube.ide.mcu.externaltools.gnu-tools-for-stm32.13.3.rel1.win32_1.0.0.202411081344/tools/bin/../lib/gcc/arm-none-eabi/13.3.1/../../../../arm-none-eabi/lib/thumb/v7e-m+fp/hard\libc_nano.a(libc_a-mallocr.o)
                0x080053c4                _malloc_r
 .text.__malloc_lock
                0x080054c4        0xc C:/ST/STM32CubeIDE_1.16.1/STM32CubeIDE/plugins/com.st.stm32cube.ide.mcu.externaltools.gnu-tools-for-stm32.13.3.rel1.win32_1.0.0.202411081344/tools/bin/../lib/gcc/arm-none-eabi/13.3.1/../../../../arm-none-eabi/lib/thumb/v7e-m+fp/hard\libc_nano.a(libc_a-mlock.o)
                0x080054c4                __malloc_lock
 .text.__malloc_unlock
                0x080054d0        0xc C:/ST/STM32CubeIDE_1.16.1/STM32CubeIDE/plugins/com.st.stm32cube.ide.mcu.externaltools.gnu-tools-for-stm32.13.3.rel1.win32_1.0.0.202411081344/tools/bin/../lib/gcc/arm-none-eabi/13.3.1/../../../../arm-none-eabi/lib/thumb/v7e-m+fp/hard\libc_nano.a(libc_a-mlock.o)
                0x080054d0                __malloc_unlock
 .text.std      0x080054dc       0x6c C:/ST/STM32CubeIDE_1.16.1/STM32CubeIDE/plugins/com.st.stm32cube.ide.mcu.externaltools.gnu-tools-for-stm32.13.3.rel1.win32_1.0.0.202411081344/tools/bin/../lib/gcc/arm-none-eabi/13.3.1/../../../../arm-none-eabi/lib/thumb/v7e-m+fp/hard\libc_nano.a(libc_a-findfp.o)
 .text.stdio_exit_handler
                0x08005548       0x18 C:/ST/STM32CubeIDE_1.16.1/STM32CubeIDE/plugins/com.st.stm32cube.ide.mcu.externaltools.gnu-tools-for-stm32.13.3.rel1.win32_1.0.0.202411081344/tools/bin/../lib/gcc/arm-none-eabi/13.3.1/../../../../arm-none-eabi/lib/thumb/v7e-m+fp/hard\libc_nano.a(libc_a-findfp.o)
 .text.cleanup_stdio
                0x08005560       0x40 C:/ST/STM32CubeIDE_1.16.1/STM32CubeIDE/plugins/com.st.stm32cube.ide.mcu.externaltools.gnu-tools-for-stm32.13.3.rel1.win32_1.0.0.202411081344/tools/bin/../lib/gcc/arm-none-eabi/13.3.1/../../../../arm-none-eabi/lib/thumb/v7e-m+fp/hard\libc_nano.a(libc_a-findfp.o)
 .text.global_stdio_init.part.0
                0x080055a0       0x3c C:/ST/STM32CubeIDE_1.16.1/STM32CubeIDE/plugins/com.st.stm32cube.ide.mcu.externaltools.gnu-tools-for-stm32.13.3.rel1.win32_1.0.0.202411081344/tools/bin/../lib/gcc/arm-none-eabi/13.3.1/../../../../arm-none-eabi/lib/thumb/v7e-m+fp/hard\libc_nano.a(libc_a-findfp.o)
 .text.__sfp_lock_acquire
                0x080055dc        0xc C:/ST/STM32CubeIDE_1.16.1/STM32CubeIDE/plugins/com.st.stm32cube.ide.mcu.externaltools.gnu-tools-for-stm32.13.3.rel1.win32_1.0.0.202411081344/tools/bin/../lib/gcc/arm-none-eabi/13.3.1/../../../../arm-none-eabi/lib/thumb/v7e-m+fp/hard\libc_nano.a(libc_a-findfp.o)
                0x080055dc                __sfp_lock_acquire
 .text.__sfp_lock_release
                0x080055e8        0xc C:/ST/STM32CubeIDE_1.16.1/STM32CubeIDE/plugins/com.st.stm32cube.ide.mcu.externaltools.gnu-tools-for-stm32.13.3.rel1.win32_1.0.0.202411081344/tools/bin/../lib/gcc/arm-none-eabi/13.3.1/../../../../arm-none-eabi/lib/thumb/v7e-m+fp/hard\libc_nano.a(libc_a-findfp.o)
                0x080055e8                __sfp_lock_release
 .text.__sinit  0x080055f4       0x30 C:/ST/STM32CubeIDE_1.16.1/STM32CubeIDE/plugins/com.st.stm32cube.ide.mcu.externaltools.gnu-tools-for-stm32.13.3.rel1.win32_1.0.0.202411081344/tools/bin/../lib/gcc/arm-none-eabi/13.3.1/../../../../arm-none-eabi/lib/thumb/v7e-m+fp/hard\libc_nano.a(libc_a-findfp.o)
                0x080055f4                __sinit
 .text._fwalk_sglue
                0x08005624       0x3c C:/ST/STM32CubeIDE_1.16.1/STM32CubeIDE/plugins/com.st.stm32cube.ide.mcu.externaltools.gnu-tools-for-stm32.13.3.rel1.win32_1.0.0.202411081344/tools/bin/../lib/gcc/arm-none-eabi/13.3.1/../../../../arm-none-eabi/lib/thumb/v7e-m+fp/hard\libc_nano.a(libc_a-fwalk.o)
                0x08005624                _fwalk_sglue
 .text.printf   0x08005660       0x24 C:/ST/STM32CubeIDE_1.16.1/STM32CubeIDE/plugins/com.st.stm32cube.ide.mcu.externaltools.gnu-tools-for-stm32.13.3.rel1.win32_1.0.0.202411081344/tools/bin/../lib/gcc/arm-none-eabi/13.3.1/../../../../arm-none-eabi/lib/thumb/v7e-m+fp/hard\libc_nano.a(libc_a-printf.o)
                0x08005660                iprintf
                0x08005660                printf
 .text._puts_r  0x08005684       0xaa C:/ST/STM32CubeIDE_1.16.1/STM32CubeIDE/plugins/com.st.stm32cube.ide.mcu.externaltools.gnu-tools-for-stm32.13.3.rel1.win32_1.0.0.202411081344/tools/bin/../lib/gcc/arm-none-eabi/13.3.1/../../../../arm-none-eabi/lib/thumb/v7e-m+fp/hard\libc_nano.a(libc_a-puts.o)
                0x08005684                _puts_r
 *fill*         0x0800572e        0x2 
 .text.puts     0x08005730       0x10 C:/ST/STM32CubeIDE_1.16.1/STM32CubeIDE/plugins/com.st.stm32cube.ide.mcu.externaltools.gnu-tools-for-stm32.13.3.rel1.win32_1.0.0.202411081344/tools/bin/../lib/gcc/arm-none-eabi/13.3.1/../../../../arm-none-eabi/lib/thumb/v7e-m+fp/hard\libc_nano.a(libc_a-puts.o)
                0x08005730                puts
 .text.__sread  0x08005740       0x22 C:/ST/STM32CubeIDE_1.16.1/STM32CubeIDE/plugins/com.st.stm32cube.ide.mcu.externaltools.gnu-tools-for-stm32.13.3.rel1.win32_1.0.0.202411081344/tools/bin/../lib/gcc/arm-none-eabi/13.3.1/../../../../arm-none-eabi/lib/thumb/v7e-m+fp/hard\libc_nano.a(libc_a-stdio.o)
                0x08005740                __sread
 .text.__swrite
                0x08005762       0x38 C:/ST/STM32CubeIDE_1.16.1/STM32CubeIDE/plugins/com.st.stm32cube.ide.mcu.externaltools.gnu-tools-for-stm32.13.3.rel1.win32_1.0.0.202411081344/tools/bin/../lib/gcc/arm-none-eabi/13.3.1/../../../../arm-none-eabi/lib/thumb/v7e-m+fp/hard\libc_nano.a(libc_a-stdio.o)
                0x08005762                __swrite
 .text.__sseek  0x0800579a       0x24 C:/ST/STM32CubeIDE_1.16.1/STM32CubeIDE/plugins/com.st.stm32cube.ide.mcu.externaltools.gnu-tools-for-stm32.13.3.rel1.win32_1.0.0.202411081344/tools/bin/../lib/gcc/arm-none-eabi/13.3.1/../../../../arm-none-eabi/lib/thumb/v7e-m+fp/hard\libc_nano.a(libc_a-stdio.o)
                0x0800579a                __sseek
 .text.__sclose
                0x080057be        0x8 C:/ST/STM32CubeIDE_1.16.1/STM32CubeIDE/plugins/com.st.stm32cube.ide.mcu.externaltools.gnu-tools-for-stm32.13.3.rel1.win32_1.0.0.202411081344/tools/bin/../lib/gcc/arm-none-eabi/13.3.1/../../../../arm-none-eabi/lib/thumb/v7e-m+fp/hard\libc_nano.a(libc_a-stdio.o)
                0x080057be                __sclose
 .text.__swbuf_r
                0x080057c6       0x7c C:/ST/STM32CubeIDE_1.16.1/STM32CubeIDE/plugins/com.st.stm32cube.ide.mcu.externaltools.gnu-tools-for-stm32.13.3.rel1.win32_1.0.0.202411081344/tools/bin/../lib/gcc/arm-none-eabi/13.3.1/../../../../arm-none-eabi/lib/thumb/v7e-m+fp/hard\libc_nano.a(libc_a-wbuf.o)
                0x080057c6                __swbuf_r
 *fill*         0x08005842        0x2 
 .text.__swsetup_r
                0x08005844       0xac C:/ST/STM32CubeIDE_1.16.1/STM32CubeIDE/plugins/com.st.stm32cube.ide.mcu.externaltools.gnu-tools-for-stm32.13.3.rel1.win32_1.0.0.202411081344/tools/bin/../lib/gcc/arm-none-eabi/13.3.1/../../../../arm-none-eabi/lib/thumb/v7e-m+fp/hard\libc_nano.a(libc_a-wsetup.o)
                0x08005844                __swsetup_r
 .text.memset   0x080058f0       0x10 C:/ST/STM32CubeIDE_1.16.1/STM32CubeIDE/plugins/com.st.stm32cube.ide.mcu.externaltools.gnu-tools-for-stm32.13.3.rel1.win32_1.0.0.202411081344/tools/bin/../lib/gcc/arm-none-eabi/13.3.1/../../../../arm-none-eabi/lib/thumb/v7e-m+fp/hard\libc_nano.a(libc_a-memset.o)
                0x080058f0                memset
 .text._close_r
                0x08005900       0x20 C:/ST/STM32CubeIDE_1.16.1/STM32CubeIDE/plugins/com.st.stm32cube.ide.mcu.externaltools.gnu-tools-for-stm32.13.3.rel1.win32_1.0.0.202411081344/tools/bin/../lib/gcc/arm-none-eabi/13.3.1/../../../../arm-none-eabi/lib/thumb/v7e-m+fp/hard\libc_nano.a(libc_a-closer.o)
                0x08005900                _close_r
 .text._lseek_r
                0x08005920       0x24 C:/ST/STM32CubeIDE_1.16.1/STM32CubeIDE/plugins/com.st.stm32cube.ide.mcu.externaltools.gnu-tools-for-stm32.13.3.rel1.win32_1.0.0.202411081344/tools/bin/../lib/gcc/arm-none-eabi/13.3.1/../../../../arm-none-eabi/lib/thumb/v7e-m+fp/hard\libc_nano.a(libc_a-lseekr.o)
                0x08005920                _lseek_r
 .text._read_r  0x08005944       0x24 C:/ST/STM32CubeIDE_1.16.1/STM32CubeIDE/plugins/com.st.stm32cube.ide.mcu.externaltools.gnu-tools-for-stm32.13.3.rel1.win32_1.0.0.202411081344/tools/bin/../lib/gcc/arm-none-eabi/13.3.1/../../../../arm-none-eabi/lib/thumb/v7e-m+fp/hard\libc_nano.a(libc_a-readr.o)
                0x08005944                _read_r
 .text._sbrk_r  0x08005968       0x20 C:/ST/STM32CubeIDE_1.16.1/STM32CubeIDE/plugins/com.st.stm32cube.ide.mcu.externaltools.gnu-tools-for-stm32.13.3.rel1.win32_1.0.0.202411081344/tools/bin/../lib/gcc/arm-none-eabi/13.3.1/../../../../arm-none-eabi/lib/thumb/v7e-m+fp/hard\libc_nano.a(libc_a-sbrkr.o)
                0x08005968                _sbrk_r
 .text._write_r
                0x08005988       0x24 C:/ST/STM32CubeIDE_1.16.1/STM32CubeIDE/plugins/com.st.stm32cube.ide.mcu.externaltools.gnu-tools-for-stm32.13.3.rel1.win32_1.0.0.202411081344/tools/bin/../lib/gcc/arm-none-eabi/13.3.1/../../../../arm-none-eabi/lib/thumb/v7e-m+fp/hard\libc_nano.a(libc_a-writer.o)
                0x08005988                _write_r
 .text.__errno  0x080059ac        0xc C:/ST/STM32CubeIDE_1.16.1/STM32CubeIDE/plugins/com.st.stm32cube.ide.mcu.externaltools.gnu-tools-for-stm32.13.3.rel1.win32_1.0.0.202411081344/tools/bin/../lib/gcc/arm-none-eabi/13.3.1/../../../../arm-none-eabi/lib/thumb/v7e-m+fp/hard\libc_nano.a(libc_a-errno.o)
                0x080059ac                __errno
 .text.__libc_init_array
                0x080059b8       0x48 C:/ST/STM32CubeIDE_1.16.1/STM32CubeIDE/plugins/com.st.stm32cube.ide.mcu.externaltools.gnu-tools-for-stm32.13.3.rel1.win32_1.0.0.202411081344/tools/bin/../lib/gcc/arm-none-eabi/13.3.1/../../../../arm-none-eabi/lib/thumb/v7e-m+fp/hard\libc_nano.a(libc_a-init.o)
                0x080059b8                __libc_init_array
 .text.__retarget_lock_init_recursive
                0x08005a00        0x2 C:/ST/STM32CubeIDE_1.16.1/STM32CubeIDE/plugins/com.st.stm32cube.ide.mcu.externaltools.gnu-tools-for-stm32.13.3.rel1.win32_1.0.0.202411081344/tools/bin/../lib/gcc/arm-none-eabi/13.3.1/../../../../arm-none-eabi/lib/thumb/v7e-m+fp/hard\libc_nano.a(libc_a-lock.o)
                0x08005a00                __retarget_lock_init_recursive
 .text.__retarget_lock_acquire_recursive
                0x08005a02        0x2 C:/ST/STM32CubeIDE_1.16.1/STM32CubeIDE/plugins/com.st.stm32cube.ide.mcu.externaltools.gnu-tools-for-stm32.13.3.rel1.win32_1.0.0.202411081344/tools/bin/../lib/gcc/arm-none-eabi/13.3.1/../../../../arm-none-eabi/lib/thumb/v7e-m+fp/hard\libc_nano.a(libc_a-lock.o)
                0x08005a02                __retarget_lock_acquire_recursive
 .text.__retarget_lock_release_recursive
                0x08005a04        0x2 C:/ST/STM32CubeIDE_1.16.1/STM32CubeIDE/plugins/com.st.stm32cube.ide.mcu.externaltools.gnu-tools-for-stm32.13.3.rel1.win32_1.0.0.202411081344/tools/bin/../lib/gcc/arm-none-eabi/13.3.1/../../../../arm-none-eabi/lib/thumb/v7e-m+fp/hard\libc_nano.a(libc_a-lock.o)
                0x08005a04                __retarget_lock_release_recursive
 *fill*         0x08005a06        0x2 
 .text._free_r  0x08005a08       0x94 C:/ST/STM32CubeIDE_1.16.1/STM32CubeIDE/plugins/com.st.stm32cube.ide.mcu.externaltools.gnu-tools-for-stm32.13.3.rel1.win32_1.0.0.202411081344/tools/bin/../lib/gcc/arm-none-eabi/13.3.1/../../../../arm-none-eabi/lib/thumb/v7e-m+fp/hard\libc_nano.a(libc_a-freer.o)
                0x08005a08                _free_r
 .text.__sfputc_r
                0x08005a9c       0x2e C:/ST/STM32CubeIDE_1.16.1/STM32CubeIDE/plugins/com.st.stm32cube.ide.mcu.externaltools.gnu-tools-for-stm32.13.3.rel1.win32_1.0.0.202411081344/tools/bin/../lib/gcc/arm-none-eabi/13.3.1/../../../../arm-none-eabi/lib/thumb/v7e-m+fp/hard\libc_nano.a(libc_a-nano-vfprintf.o)
 .text.__sfputs_r
                0x08005aca       0x24 C:/ST/STM32CubeIDE_1.16.1/STM32CubeIDE/plugins/com.st.stm32cube.ide.mcu.externaltools.gnu-tools-for-stm32.13.3.rel1.win32_1.0.0.202411081344/tools/bin/../lib/gcc/arm-none-eabi/13.3.1/../../../../arm-none-eabi/lib/thumb/v7e-m+fp/hard\libc_nano.a(libc_a-nano-vfprintf.o)
                0x08005aca                __sfputs_r
 *fill*         0x08005aee        0x2 
 .text._vfprintf_r
                0x08005af0      0x230 C:/ST/STM32CubeIDE_1.16.1/STM32CubeIDE/plugins/com.st.stm32cube.ide.mcu.externaltools.gnu-tools-for-stm32.13.3.rel1.win32_1.0.0.202411081344/tools/bin/../lib/gcc/arm-none-eabi/13.3.1/../../../../arm-none-eabi/lib/thumb/v7e-m+fp/hard\libc_nano.a(libc_a-nano-vfprintf.o)
                0x08005af0                _vfprintf_r
                0x08005af0                _vfiprintf_r
 .text._printf_common
                0x08005d20       0xda C:/ST/STM32CubeIDE_1.16.1/STM32CubeIDE/plugins/com.st.stm32cube.ide.mcu.externaltools.gnu-tools-for-stm32.13.3.rel1.win32_1.0.0.202411081344/tools/bin/../lib/gcc/arm-none-eabi/13.3.1/../../../../arm-none-eabi/lib/thumb/v7e-m+fp/hard\libc_nano.a(libc_a-nano-vfprintf_i.o)
                0x08005d20                _printf_common
 *fill*         0x08005dfa        0x2 
 .text._printf_i
                0x08005dfc      0x23c C:/ST/STM32CubeIDE_1.16.1/STM32CubeIDE/plugins/com.st.stm32cube.ide.mcu.externaltools.gnu-tools-for-stm32.13.3.rel1.win32_1.0.0.202411081344/tools/bin/../lib/gcc/arm-none-eabi/13.3.1/../../../../arm-none-eabi/lib/thumb/v7e-m+fp/hard\libc_nano.a(libc_a-nano-vfprintf_i.o)
                0x08005dfc                _printf_i
 .text.__sflush_r
                0x08006038      0x108 C:/ST/STM32CubeIDE_1.16.1/STM32CubeIDE/plugins/com.st.stm32cube.ide.mcu.externaltools.gnu-tools-for-stm32.13.3.rel1.win32_1.0.0.202411081344/tools/bin/../lib/gcc/arm-none-eabi/13.3.1/../../../../arm-none-eabi/lib/thumb/v7e-m+fp/hard\libc_nano.a(libc_a-fflush.o)
                0x08006038                __sflush_r
 .text._fflush_r
                0x08006140       0x50 C:/ST/STM32CubeIDE_1.16.1/STM32CubeIDE/plugins/com.st.stm32cube.ide.mcu.externaltools.gnu-tools-for-stm32.13.3.rel1.win32_1.0.0.202411081344/tools/bin/../lib/gcc/arm-none-eabi/13.3.1/../../../../arm-none-eabi/lib/thumb/v7e-m+fp/hard\libc_nano.a(libc_a-fflush.o)
                0x08006140                _fflush_r
 .text.__swhatbuf_r
                0x08006190       0x4c C:/ST/STM32CubeIDE_1.16.1/STM32CubeIDE/plugins/com.st.stm32cube.ide.mcu.externaltools.gnu-tools-for-stm32.13.3.rel1.win32_1.0.0.202411081344/tools/bin/../lib/gcc/arm-none-eabi/13.3.1/../../../../arm-none-eabi/lib/thumb/v7e-m+fp/hard\libc_nano.a(libc_a-makebuf.o)
                0x08006190                __swhatbuf_r
 .text.__smakebuf_r
                0x080061dc       0x78 C:/ST/STM32CubeIDE_1.16.1/STM32CubeIDE/plugins/com.st.stm32cube.ide.mcu.externaltools.gnu-tools-for-stm32.13.3.rel1.win32_1.0.0.202411081344/tools/bin/../lib/gcc/arm-none-eabi/13.3.1/../../../../arm-none-eabi/lib/thumb/v7e-m+fp/hard\libc_nano.a(libc_a-makebuf.o)
                0x080061dc                __smakebuf_r
 .text._fstat_r
                0x08006254       0x24 C:/ST/STM32CubeIDE_1.16.1/STM32CubeIDE/plugins/com.st.stm32cube.ide.mcu.externaltools.gnu-tools-for-stm32.13.3.rel1.win32_1.0.0.202411081344/tools/bin/../lib/gcc/arm-none-eabi/13.3.1/../../../../arm-none-eabi/lib/thumb/v7e-m+fp/hard\libc_nano.a(libc_a-fstatr.o)
                0x08006254                _fstat_r
 .text._isatty_r
                0x08006278       0x20 C:/ST/STM32CubeIDE_1.16.1/STM32CubeIDE/plugins/com.st.stm32cube.ide.mcu.externaltools.gnu-tools-for-stm32.13.3.rel1.win32_1.0.0.202411081344/tools/bin/../lib/gcc/arm-none-eabi/13.3.1/../../../../arm-none-eabi/lib/thumb/v7e-m+fp/hard\libc_nano.a(libc_a-isattyr.o)
                0x08006278                _isatty_r
 .text.expf     0x08006298       0x6c C:/ST/STM32CubeIDE_1.16.1/STM32CubeIDE/plugins/com.st.stm32cube.ide.mcu.externaltools.gnu-tools-for-stm32.13.3.rel1.win32_1.0.0.202411081344/tools/bin/../lib/gcc/arm-none-eabi/13.3.1/../../../../arm-none-eabi/lib/thumb/v7e-m+fp/hard\libm.a(libm_a-wf_exp.o)
                0x08006298                expf
 .text.finitef  0x08006304       0x14 C:/ST/STM32CubeIDE_1.16.1/STM32CubeIDE/plugins/com.st.stm32cube.ide.mcu.externaltools.gnu-tools-for-stm32.13.3.rel1.win32_1.0.0.202411081344/tools/bin/../lib/gcc/arm-none-eabi/13.3.1/../../../../arm-none-eabi/lib/thumb/v7e-m+fp/hard\libm.a(libm_a-sf_finite.o)
                0x08006304                finitef
 .text.with_errnof
                0x08006318       0x1c C:/ST/STM32CubeIDE_1.16.1/STM32CubeIDE/plugins/com.st.stm32cube.ide.mcu.externaltools.gnu-tools-for-stm32.13.3.rel1.win32_1.0.0.202411081344/tools/bin/../lib/gcc/arm-none-eabi/13.3.1/../../../../arm-none-eabi/lib/thumb/v7e-m+fp/hard\libm.a(libm_a-math_errf.o)
 .text.xflowf   0x08006334       0x16 C:/ST/STM32CubeIDE_1.16.1/STM32CubeIDE/plugins/com.st.stm32cube.ide.mcu.externaltools.gnu-tools-for-stm32.13.3.rel1.win32_1.0.0.202411081344/tools/bin/../lib/gcc/arm-none-eabi/13.3.1/../../../../arm-none-eabi/lib/thumb/v7e-m+fp/hard\libm.a(libm_a-math_errf.o)
 *fill*         0x0800634a        0x2 
 .text.__math_uflowf
                0x0800634c        0xc C:/ST/STM32CubeIDE_1.16.1/STM32CubeIDE/plugins/com.st.stm32cube.ide.mcu.externaltools.gnu-tools-for-stm32.13.3.rel1.win32_1.0.0.202411081344/tools/bin/../lib/gcc/arm-none-eabi/13.3.1/../../../../arm-none-eabi/lib/thumb/v7e-m+fp/hard\libm.a(libm_a-math_errf.o)
                0x0800634c                __math_uflowf
 .text.__math_oflowf
                0x08006358        0xc C:/ST/STM32CubeIDE_1.16.1/STM32CubeIDE/plugins/com.st.stm32cube.ide.mcu.externaltools.gnu-tools-for-stm32.13.3.rel1.win32_1.0.0.202411081344/tools/bin/../lib/gcc/arm-none-eabi/13.3.1/../../../../arm-none-eabi/lib/thumb/v7e-m+fp/hard\libm.a(libm_a-math_errf.o)
                0x08006358                __math_oflowf
 .text.__ieee754_expf
                0x08006364      0x19c C:/ST/STM32CubeIDE_1.16.1/STM32CubeIDE/plugins/com.st.stm32cube.ide.mcu.externaltools.gnu-tools-for-stm32.13.3.rel1.win32_1.0.0.202411081344/tools/bin/../lib/gcc/arm-none-eabi/13.3.1/../../../../arm-none-eabi/lib/thumb/v7e-m+fp/hard\libm.a(libm_a-ef_exp.o)
                0x08006364                __ieee754_expf
 *(.glue_7)
 .glue_7        0x08006500        0x0 linker stubs
 *(.glue_7t)
 .glue_7t       0x08006500        0x0 linker stubs
 *(.eh_frame)
 .eh_frame      0x08006500        0x0 C:/ST/STM32CubeIDE_1.16.1/STM32CubeIDE/plugins/com.st.stm32cube.ide.mcu.externaltools.gnu-tools-for-stm32.13.3.rel1.win32_1.0.0.202411081344/tools/bin/../lib/gcc/arm-none-eabi/13.3.1/thumb/v7e-m+fp/hard/crtbegin.o
 *(.init)
 .init          0x08006500        0x4 C:/ST/STM32CubeIDE_1.16.1/STM32CubeIDE/plugins/com.st.stm32cube.ide.mcu.externaltools.gnu-tools-for-stm32.13.3.rel1.win32_1.0.0.202411081344/tools/bin/../lib/gcc/arm-none-eabi/13.3.1/thumb/v7e-m+fp/hard/crti.o
                0x08006500                _init
 .init          0x08006504        0x8 C:/ST/STM32CubeIDE_1.16.1/STM32CubeIDE/plugins/com.st.stm32cube.ide.mcu.externaltools.gnu-tools-for-stm32.13.3.rel1.win32_1.0.0.202411081344/tools/bin/../lib/gcc/arm-none-eabi/13.3.1/thumb/v7e-m+fp/hard/crtn.o
 *(.fini)
 .fini          0x0800650c        0x4 C:/ST/STM32CubeIDE_1.16.1/STM32CubeIDE/plugins/com.st.stm32cube.ide.mcu.externaltools.gnu-tools-for-stm32.13.3.rel1.win32_1.0.0.202411081344/tools/bin/../lib/gcc/arm-none-eabi/13.3.1/thumb/v7e-m+fp/hard/crti.o
                0x0800650c                _fini
 .fini          0x08006510        0x8 C:/ST/STM32CubeIDE_1.16.1/STM32CubeIDE/plugins/com.st.stm32cube.ide.mcu.externaltools.gnu-tools-for-stm32.13.3.rel1.win32_1.0.0.202411081344/tools/bin/../lib/gcc/arm-none-eabi/13.3.1/thumb/v7e-m+fp/hard/crtn.o
                0x08006518                        . = ALIGN (0x4)
                0x08006518                        _etext = .

.vfp11_veneer   0x08006518        0x0
 .vfp11_veneer  0x08006518        0x0 linker stubs

.v4_bx          0x08006518        0x0
 .v4_bx         0x08006518        0x0 linker stubs

.iplt           0x08006518        0x0
 .iplt          0x08006518        0x0 C:/ST/STM32CubeIDE_1.16.1/STM32CubeIDE/plugins/com.st.stm32cube.ide.mcu.externaltools.gnu-tools-for-stm32.13.3.rel1.win32_1.0.0.202411081344/tools/bin/../lib/gcc/arm-none-eabi/13.3.1/thumb/v7e-m+fp/hard/crtbegin.o

.rodata         0x08006520    0x1631c
                0x08006520                        . = ALIGN (0x4)
 *(.rodata)
 .rodata        0x08006520       0xad ./X-CUBE-AI/App/app_x-cube-ai.o
 *fill*         0x080065cd        0x3 
 .rodata        0x080065d0       0x30 ./X-CUBE-AI/App/network_data.o
 *(.rodata*)
 .rodata.AHBPrescTable
                0x08006600       0x10 ./Core/Src/system_stm32f4xx.o
                0x08006600                AHBPrescTable
 .rodata.nl_12_chain
                0x08006610        0x8 ./X-CUBE-AI/App/network.o
 .rodata.gemm_11_chain
                0x08006618        0x8 ./X-CUBE-AI/App/network.o
 .rodata.pool_9_chain
                0x08006620        0x8 ./X-CUBE-AI/App/network.o
 .rodata.nl_8_nl_chain
                0x08006628        0x8 ./X-CUBE-AI/App/network.o
 .rodata.conv2d_8_chain
                0x08006630        0x8 ./X-CUBE-AI/App/network.o
 .rodata.nl_7_nl_chain
                0x08006638        0x8 ./X-CUBE-AI/App/network.o
 .rodata.conv2d_7_chain
                0x08006640        0x8 ./X-CUBE-AI/App/network.o
 .rodata.nl_6_nl_chain
                0x08006648        0x8 ./X-CUBE-AI/App/network.o
 .rodata.conv2d_6_chain
                0x08006650        0x8 ./X-CUBE-AI/App/network.o
 .rodata.nl_5_nl_chain
                0x08006658        0x8 ./X-CUBE-AI/App/network.o
 .rodata.conv2d_5_chain
                0x08006660        0x8 ./X-CUBE-AI/App/network.o
 .rodata.nl_4_nl_chain
                0x08006668        0x8 ./X-CUBE-AI/App/network.o
 .rodata.conv2d_4_chain
                0x08006670        0x8 ./X-CUBE-AI/App/network.o
 .rodata.nl_3_nl_chain
                0x08006678        0x8 ./X-CUBE-AI/App/network.o
 .rodata.conv2d_3_chain
                0x08006680        0x8 ./X-CUBE-AI/App/network.o
 .rodata.nl_2_nl_chain
                0x08006688        0x8 ./X-CUBE-AI/App/network.o
 .rodata.conv2d_2_chain
                0x08006690        0x8 ./X-CUBE-AI/App/network.o
 .rodata.nl_1_nl_chain
                0x08006698        0x8 ./X-CUBE-AI/App/network.o
 .rodata.conv2d_1_chain
                0x080066a0        0x8 ./X-CUBE-AI/App/network.o
 .rodata.nl_0_nl_chain
                0x080066a8        0x8 ./X-CUBE-AI/App/network.o
 .rodata.conv2d_0_chain
                0x080066b0        0x8 ./X-CUBE-AI/App/network.o
 *fill*         0x080066b8        0x8 
 .rodata.s_network_weights_array_u64
                0x080066c0    0x16130 ./X-CUBE-AI/App/network_data_params.o
                0x080066c0                s_network_weights_array_u64
 .rodata._vfprintf_r.str1.1
                0x0801c7f0       0x33 C:/ST/STM32CubeIDE_1.16.1/STM32CubeIDE/plugins/com.st.stm32cube.ide.mcu.externaltools.gnu-tools-for-stm32.13.3.rel1.win32_1.0.0.202411081344/tools/bin/../lib/gcc/arm-none-eabi/13.3.1/../../../../arm-none-eabi/lib/thumb/v7e-m+fp/hard\libc_nano.a(libc_a-nano-vfprintf.o)
                                 0x11 (size before relaxing)
 .rodata._printf_i.str1.1
                0x0801c823       0x22 C:/ST/STM32CubeIDE_1.16.1/STM32CubeIDE/plugins/com.st.stm32cube.ide.mcu.externaltools.gnu-tools-for-stm32.13.3.rel1.win32_1.0.0.202411081344/tools/bin/../lib/gcc/arm-none-eabi/13.3.1/../../../../arm-none-eabi/lib/thumb/v7e-m+fp/hard\libc_nano.a(libc_a-nano-vfprintf_i.o)
 *fill*         0x0801c823        0x1 
 .rodata.ln2LO  0x0801c824        0x8 C:/ST/STM32CubeIDE_1.16.1/STM32CubeIDE/plugins/com.st.stm32cube.ide.mcu.externaltools.gnu-tools-for-stm32.13.3.rel1.win32_1.0.0.202411081344/tools/bin/../lib/gcc/arm-none-eabi/13.3.1/../../../../arm-none-eabi/lib/thumb/v7e-m+fp/hard\libm.a(libm_a-ef_exp.o)
 .rodata.ln2HI  0x0801c82c        0x8 C:/ST/STM32CubeIDE_1.16.1/STM32CubeIDE/plugins/com.st.stm32cube.ide.mcu.externaltools.gnu-tools-for-stm32.13.3.rel1.win32_1.0.0.202411081344/tools/bin/../lib/gcc/arm-none-eabi/13.3.1/../../../../arm-none-eabi/lib/thumb/v7e-m+fp/hard\libm.a(libm_a-ef_exp.o)
 .rodata.halF   0x0801c834        0x8 C:/ST/STM32CubeIDE_1.16.1/STM32CubeIDE/plugins/com.st.stm32cube.ide.mcu.externaltools.gnu-tools-for-stm32.13.3.rel1.win32_1.0.0.202411081344/tools/bin/../lib/gcc/arm-none-eabi/13.3.1/../../../../arm-none-eabi/lib/thumb/v7e-m+fp/hard\libm.a(libm_a-ef_exp.o)
                0x0801c83c                        . = ALIGN (0x4)

.ARM.extab      0x0801c83c        0x0
                0x0801c83c                        . = ALIGN (0x4)
 *(.ARM.extab* .gnu.linkonce.armextab.*)
                0x0801c83c                        . = ALIGN (0x4)

.ARM            0x0801c83c        0x8
                0x0801c83c                        . = ALIGN (0x4)
                0x0801c83c                        __exidx_start = .
 *(.ARM.exidx*)
 .ARM.exidx     0x0801c83c        0x8 C:/ST/STM32CubeIDE_1.16.1/STM32CubeIDE/plugins/com.st.stm32cube.ide.mcu.externaltools.gnu-tools-for-stm32.13.3.rel1.win32_1.0.0.202411081344/tools/bin/../lib/gcc/arm-none-eabi/13.3.1/../../../../arm-none-eabi/lib/thumb/v7e-m+fp/hard\libc_nano.a(libc_a-memchr.o)
 .ARM.exidx     0x0801c844        0x0 C:/ST/STM32CubeIDE_1.16.1/STM32CubeIDE/plugins/com.st.stm32cube.ide.mcu.externaltools.gnu-tools-for-stm32.13.3.rel1.win32_1.0.0.202411081344/tools/bin/../lib/gcc/arm-none-eabi/13.3.1/thumb/v7e-m+fp/hard\libgcc.a(_udivmoddi4.o)
                                  0x8 (size before relaxing)
                0x0801c844                        __exidx_end = .
                0x0801c844                        . = ALIGN (0x4)

.preinit_array  0x0801c844        0x0
                0x0801c844                        . = ALIGN (0x4)
                0x0801c844                        PROVIDE (__preinit_array_start = .)
 *(.preinit_array*)
                0x0801c844                        PROVIDE (__preinit_array_end = .)
                0x0801c844                        . = ALIGN (0x4)

.init_array     0x0801c844        0x4
                0x0801c844                        . = ALIGN (0x4)
                0x0801c844                        PROVIDE (__init_array_start = .)
 *(SORT_BY_NAME(.init_array.*))
 *(.init_array*)
 .init_array    0x0801c844        0x4 C:/ST/STM32CubeIDE_1.16.1/STM32CubeIDE/plugins/com.st.stm32cube.ide.mcu.externaltools.gnu-tools-for-stm32.13.3.rel1.win32_1.0.0.202411081344/tools/bin/../lib/gcc/arm-none-eabi/13.3.1/thumb/v7e-m+fp/hard/crtbegin.o
                0x0801c848                        PROVIDE (__init_array_end = .)
                0x0801c848                        . = ALIGN (0x4)

.fini_array     0x0801c848        0x4
                0x0801c848                        . = ALIGN (0x4)
                [!provide]                        PROVIDE (__fini_array_start = .)
 *(SORT_BY_NAME(.fini_array.*))
 *(.fini_array*)
 .fini_array    0x0801c848        0x4 C:/ST/STM32CubeIDE_1.16.1/STM32CubeIDE/plugins/com.st.stm32cube.ide.mcu.externaltools.gnu-tools-for-stm32.13.3.rel1.win32_1.0.0.202411081344/tools/bin/../lib/gcc/arm-none-eabi/13.3.1/thumb/v7e-m+fp/hard/crtbegin.o
                [!provide]                        PROVIDE (__fini_array_end = .)
                0x0801c84c                        . = ALIGN (0x4)
                0x0801c84c                        _sidata = LOADADDR (.data)

.rel.dyn        0x0801c84c        0x0
 .rel.iplt      0x0801c84c        0x0 C:/ST/STM32CubeIDE_1.16.1/STM32CubeIDE/plugins/com.st.stm32cube.ide.mcu.externaltools.gnu-tools-for-stm32.13.3.rel1.win32_1.0.0.202411081344/tools/bin/../lib/gcc/arm-none-eabi/13.3.1/thumb/v7e-m+fp/hard/crtbegin.o

.data           0x20000000     0x1914 load address 0x0801c84c
                0x20000000                        . = ALIGN (0x4)
                0x20000000                        _sdata = .
 *(.data)
 *(.data*)
 .data.SystemCoreClock
                0x20000000        0x4 ./Core/Src/system_stm32f4xx.o
                0x20000000                SystemCoreClock
 .data.uwTickPrio
                0x20000004        0x4 ./Drivers/STM32F4xx_HAL_Driver/Src/stm32f4xx_hal.o
                0x20000004                uwTickPrio
 .data.uwTickFreq
                0x20000008        0x1 ./Drivers/STM32F4xx_HAL_Driver/Src/stm32f4xx_hal.o
                0x20000008                uwTickFreq
 *fill*         0x20000009        0x3 
 .data.data_activations0
                0x2000000c        0x4 ./X-CUBE-AI/App/app_x-cube-ai.o
                0x2000000c                data_activations0
 .data.serving_default_input_10_output_array
                0x20000010       0x10 ./X-CUBE-AI/App/network.o
 .data.conv2d_0_output_array
                0x20000020       0x10 ./X-CUBE-AI/App/network.o
 .data.nl_0_nl_output_array
                0x20000030       0x10 ./X-CUBE-AI/App/network.o
 .data.conv2d_1_output_array
                0x20000040       0x10 ./X-CUBE-AI/App/network.o
 .data.nl_1_nl_output_array
                0x20000050       0x10 ./X-CUBE-AI/App/network.o
 .data.conv2d_2_output_array
                0x20000060       0x10 ./X-CUBE-AI/App/network.o
 .data.nl_2_nl_output_array
                0x20000070       0x10 ./X-CUBE-AI/App/network.o
 .data.conv2d_3_output_array
                0x20000080       0x10 ./X-CUBE-AI/App/network.o
 .data.nl_3_nl_output_array
                0x20000090       0x10 ./X-CUBE-AI/App/network.o
 .data.conv2d_4_output_array
                0x200000a0       0x10 ./X-CUBE-AI/App/network.o
 .data.nl_4_nl_output_array
                0x200000b0       0x10 ./X-CUBE-AI/App/network.o
 .data.conv2d_5_output_array
                0x200000c0       0x10 ./X-CUBE-AI/App/network.o
 .data.nl_5_nl_output_array
                0x200000d0       0x10 ./X-CUBE-AI/App/network.o
 .data.conv2d_6_output_array
                0x200000e0       0x10 ./X-CUBE-AI/App/network.o
 .data.nl_6_nl_output_array
                0x200000f0       0x10 ./X-CUBE-AI/App/network.o
 .data.conv2d_7_output_array
                0x20000100       0x10 ./X-CUBE-AI/App/network.o
 .data.nl_7_nl_output_array
                0x20000110       0x10 ./X-CUBE-AI/App/network.o
 .data.conv2d_8_output_array
                0x20000120       0x10 ./X-CUBE-AI/App/network.o
 .data.nl_8_nl_output_array
                0x20000130       0x10 ./X-CUBE-AI/App/network.o
 .data.pool_9_output_array
                0x20000140       0x10 ./X-CUBE-AI/App/network.o
 .data.gemm_11_output_array
                0x20000150       0x10 ./X-CUBE-AI/App/network.o
 .data.nl_12_output_array
                0x20000160       0x10 ./X-CUBE-AI/App/network.o
 .data.conv2d_0_weights_array
                0x20000170       0x10 ./X-CUBE-AI/App/network.o
 .data.conv2d_0_bias_array
                0x20000180       0x10 ./X-CUBE-AI/App/network.o
 .data.conv2d_1_weights_array
                0x20000190       0x10 ./X-CUBE-AI/App/network.o
 .data.conv2d_1_bias_array
                0x200001a0       0x10 ./X-CUBE-AI/App/network.o
 .data.conv2d_2_weights_array
                0x200001b0       0x10 ./X-CUBE-AI/App/network.o
 .data.conv2d_2_bias_array
                0x200001c0       0x10 ./X-CUBE-AI/App/network.o
 .data.conv2d_3_weights_array
                0x200001d0       0x10 ./X-CUBE-AI/App/network.o
 .data.conv2d_3_bias_array
                0x200001e0       0x10 ./X-CUBE-AI/App/network.o
 .data.conv2d_4_weights_array
                0x200001f0       0x10 ./X-CUBE-AI/App/network.o
 .data.conv2d_4_bias_array
                0x20000200       0x10 ./X-CUBE-AI/App/network.o
 .data.conv2d_5_weights_array
                0x20000210       0x10 ./X-CUBE-AI/App/network.o
 .data.conv2d_5_bias_array
                0x20000220       0x10 ./X-CUBE-AI/App/network.o
 .data.conv2d_6_weights_array
                0x20000230       0x10 ./X-CUBE-AI/App/network.o
 .data.conv2d_6_bias_array
                0x20000240       0x10 ./X-CUBE-AI/App/network.o
 .data.conv2d_7_weights_array
                0x20000250       0x10 ./X-CUBE-AI/App/network.o
 .data.conv2d_7_bias_array
                0x20000260       0x10 ./X-CUBE-AI/App/network.o
 .data.conv2d_8_weights_array
                0x20000270       0x10 ./X-CUBE-AI/App/network.o
 .data.conv2d_8_bias_array
                0x20000280       0x10 ./X-CUBE-AI/App/network.o
 .data.gemm_11_weights_array
                0x20000290       0x10 ./X-CUBE-AI/App/network.o
 .data.gemm_11_bias_array
                0x200002a0       0x10 ./X-CUBE-AI/App/network.o
 .data.conv2d_0_scratch0_array
                0x200002b0       0x10 ./X-CUBE-AI/App/network.o
 .data.conv2d_2_scratch0_array
                0x200002c0       0x10 ./X-CUBE-AI/App/network.o
 .data.conv2d_4_scratch0_array
                0x200002d0       0x10 ./X-CUBE-AI/App/network.o
 .data.conv2d_6_scratch0_array
                0x200002e0       0x10 ./X-CUBE-AI/App/network.o
 .data.conv2d_8_scratch0_array
                0x200002f0       0x10 ./X-CUBE-AI/App/network.o
 .data.__compound_literal.0
                0x20000300       0x10 ./X-CUBE-AI/App/network.o
 .data.__compound_literal.1
                0x20000310       0x10 ./X-CUBE-AI/App/network.o
 .data.conv2d_0_bias
                0x20000320       0x1c ./X-CUBE-AI/App/network.o
 .data.__compound_literal.2
                0x2000033c       0x10 ./X-CUBE-AI/App/network.o
 .data.__compound_literal.3
                0x2000034c       0x10 ./X-CUBE-AI/App/network.o
 .data.conv2d_0_output
                0x2000035c       0x1c ./X-CUBE-AI/App/network.o
 .data.__compound_literal.4
                0x20000378       0x10 ./X-CUBE-AI/App/network.o
 .data.__compound_literal.5
                0x20000388       0x10 ./X-CUBE-AI/App/network.o
 .data.conv2d_0_scratch0
                0x20000398       0x1c ./X-CUBE-AI/App/network.o
 .data.__compound_literal.6
                0x200003b4       0x10 ./X-CUBE-AI/App/network.o
 .data.__compound_literal.7
                0x200003c4       0x10 ./X-CUBE-AI/App/network.o
 .data.conv2d_0_weights
                0x200003d4       0x1c ./X-CUBE-AI/App/network.o
 .data.__compound_literal.8
                0x200003f0       0x10 ./X-CUBE-AI/App/network.o
 .data.__compound_literal.9
                0x20000400       0x10 ./X-CUBE-AI/App/network.o
 .data.conv2d_1_bias
                0x20000410       0x1c ./X-CUBE-AI/App/network.o
 .data.__compound_literal.10
                0x2000042c       0x10 ./X-CUBE-AI/App/network.o
 .data.__compound_literal.11
                0x2000043c       0x10 ./X-CUBE-AI/App/network.o
 .data.conv2d_1_output
                0x2000044c       0x1c ./X-CUBE-AI/App/network.o
 .data.__compound_literal.12
                0x20000468       0x10 ./X-CUBE-AI/App/network.o
 .data.__compound_literal.13
                0x20000478       0x10 ./X-CUBE-AI/App/network.o
 .data.conv2d_1_weights
                0x20000488       0x1c ./X-CUBE-AI/App/network.o
 .data.__compound_literal.14
                0x200004a4       0x10 ./X-CUBE-AI/App/network.o
 .data.__compound_literal.15
                0x200004b4       0x10 ./X-CUBE-AI/App/network.o
 .data.conv2d_2_bias
                0x200004c4       0x1c ./X-CUBE-AI/App/network.o
 .data.__compound_literal.16
                0x200004e0       0x10 ./X-CUBE-AI/App/network.o
 .data.__compound_literal.17
                0x200004f0       0x10 ./X-CUBE-AI/App/network.o
 .data.conv2d_2_output
                0x20000500       0x1c ./X-CUBE-AI/App/network.o
 .data.__compound_literal.18
                0x2000051c       0x10 ./X-CUBE-AI/App/network.o
 .data.__compound_literal.19
                0x2000052c       0x10 ./X-CUBE-AI/App/network.o
 .data.conv2d_2_scratch0
                0x2000053c       0x1c ./X-CUBE-AI/App/network.o
 .data.__compound_literal.20
                0x20000558       0x10 ./X-CUBE-AI/App/network.o
 .data.__compound_literal.21
                0x20000568       0x10 ./X-CUBE-AI/App/network.o
 .data.conv2d_2_weights
                0x20000578       0x1c ./X-CUBE-AI/App/network.o
 .data.__compound_literal.22
                0x20000594       0x10 ./X-CUBE-AI/App/network.o
 .data.__compound_literal.23
                0x200005a4       0x10 ./X-CUBE-AI/App/network.o
 .data.conv2d_3_bias
                0x200005b4       0x1c ./X-CUBE-AI/App/network.o
 .data.__compound_literal.24
                0x200005d0       0x10 ./X-CUBE-AI/App/network.o
 .data.__compound_literal.25
                0x200005e0       0x10 ./X-CUBE-AI/App/network.o
 .data.conv2d_3_output
                0x200005f0       0x1c ./X-CUBE-AI/App/network.o
 .data.__compound_literal.26
                0x2000060c       0x10 ./X-CUBE-AI/App/network.o
 .data.__compound_literal.27
                0x2000061c       0x10 ./X-CUBE-AI/App/network.o
 .data.conv2d_3_weights
                0x2000062c       0x1c ./X-CUBE-AI/App/network.o
 .data.__compound_literal.28
                0x20000648       0x10 ./X-CUBE-AI/App/network.o
 .data.__compound_literal.29
                0x20000658       0x10 ./X-CUBE-AI/App/network.o
 .data.conv2d_4_bias
                0x20000668       0x1c ./X-CUBE-AI/App/network.o
 .data.__compound_literal.30
                0x20000684       0x10 ./X-CUBE-AI/App/network.o
 .data.__compound_literal.31
                0x20000694       0x10 ./X-CUBE-AI/App/network.o
 .data.conv2d_4_output
                0x200006a4       0x1c ./X-CUBE-AI/App/network.o
 .data.__compound_literal.32
                0x200006c0       0x10 ./X-CUBE-AI/App/network.o
 .data.__compound_literal.33
                0x200006d0       0x10 ./X-CUBE-AI/App/network.o
 .data.conv2d_4_scratch0
                0x200006e0       0x1c ./X-CUBE-AI/App/network.o
 .data.__compound_literal.34
                0x200006fc       0x10 ./X-CUBE-AI/App/network.o
 .data.__compound_literal.35
                0x2000070c       0x10 ./X-CUBE-AI/App/network.o
 .data.conv2d_4_weights
                0x2000071c       0x1c ./X-CUBE-AI/App/network.o
 .data.__compound_literal.36
                0x20000738       0x10 ./X-CUBE-AI/App/network.o
 .data.__compound_literal.37
                0x20000748       0x10 ./X-CUBE-AI/App/network.o
 .data.conv2d_5_bias
                0x20000758       0x1c ./X-CUBE-AI/App/network.o
 .data.__compound_literal.38
                0x20000774       0x10 ./X-CUBE-AI/App/network.o
 .data.__compound_literal.39
                0x20000784       0x10 ./X-CUBE-AI/App/network.o
 .data.conv2d_5_output
                0x20000794       0x1c ./X-CUBE-AI/App/network.o
 .data.__compound_literal.40
                0x200007b0       0x10 ./X-CUBE-AI/App/network.o
 .data.__compound_literal.41
                0x200007c0       0x10 ./X-CUBE-AI/App/network.o
 .data.conv2d_5_weights
                0x200007d0       0x1c ./X-CUBE-AI/App/network.o
 .data.__compound_literal.42
                0x200007ec       0x10 ./X-CUBE-AI/App/network.o
 .data.__compound_literal.43
                0x200007fc       0x10 ./X-CUBE-AI/App/network.o
 .data.conv2d_6_bias
                0x2000080c       0x1c ./X-CUBE-AI/App/network.o
 .data.__compound_literal.44
                0x20000828       0x10 ./X-CUBE-AI/App/network.o
 .data.__compound_literal.45
                0x20000838       0x10 ./X-CUBE-AI/App/network.o
 .data.conv2d_6_output
                0x20000848       0x1c ./X-CUBE-AI/App/network.o
 .data.__compound_literal.46
                0x20000864       0x10 ./X-CUBE-AI/App/network.o
 .data.__compound_literal.47
                0x20000874       0x10 ./X-CUBE-AI/App/network.o
 .data.conv2d_6_scratch0
                0x20000884       0x1c ./X-CUBE-AI/App/network.o
 .data.__compound_literal.48
                0x200008a0       0x10 ./X-CUBE-AI/App/network.o
 .data.__compound_literal.49
                0x200008b0       0x10 ./X-CUBE-AI/App/network.o
 .data.conv2d_6_weights
                0x200008c0       0x1c ./X-CUBE-AI/App/network.o
 .data.__compound_literal.50
                0x200008dc       0x10 ./X-CUBE-AI/App/network.o
 .data.__compound_literal.51
                0x200008ec       0x10 ./X-CUBE-AI/App/network.o
 .data.conv2d_7_bias
                0x200008fc       0x1c ./X-CUBE-AI/App/network.o
 .data.__compound_literal.52
                0x20000918       0x10 ./X-CUBE-AI/App/network.o
 .data.__compound_literal.53
                0x20000928       0x10 ./X-CUBE-AI/App/network.o
 .data.conv2d_7_output
                0x20000938       0x1c ./X-CUBE-AI/App/network.o
 .data.__compound_literal.54
                0x20000954       0x10 ./X-CUBE-AI/App/network.o
 .data.__compound_literal.55
                0x20000964       0x10 ./X-CUBE-AI/App/network.o
 .data.conv2d_7_weights
                0x20000974       0x1c ./X-CUBE-AI/App/network.o
 .data.__compound_literal.56
                0x20000990       0x10 ./X-CUBE-AI/App/network.o
 .data.__compound_literal.57
                0x200009a0       0x10 ./X-CUBE-AI/App/network.o
 .data.conv2d_8_bias
                0x200009b0       0x1c ./X-CUBE-AI/App/network.o
 .data.__compound_literal.58
                0x200009cc       0x10 ./X-CUBE-AI/App/network.o
 .data.__compound_literal.59
                0x200009dc       0x10 ./X-CUBE-AI/App/network.o
 .data.conv2d_8_output
                0x200009ec       0x1c ./X-CUBE-AI/App/network.o
 .data.__compound_literal.60
                0x20000a08       0x10 ./X-CUBE-AI/App/network.o
 .data.__compound_literal.61
                0x20000a18       0x10 ./X-CUBE-AI/App/network.o
 .data.conv2d_8_scratch0
                0x20000a28       0x1c ./X-CUBE-AI/App/network.o
 .data.__compound_literal.62
                0x20000a44       0x10 ./X-CUBE-AI/App/network.o
 .data.__compound_literal.63
                0x20000a54       0x10 ./X-CUBE-AI/App/network.o
 .data.conv2d_8_weights
                0x20000a64       0x1c ./X-CUBE-AI/App/network.o
 .data.__compound_literal.64
                0x20000a80       0x10 ./X-CUBE-AI/App/network.o
 .data.__compound_literal.65
                0x20000a90       0x10 ./X-CUBE-AI/App/network.o
 .data.gemm_11_bias
                0x20000aa0       0x1c ./X-CUBE-AI/App/network.o
 .data.__compound_literal.66
                0x20000abc       0x10 ./X-CUBE-AI/App/network.o
 .data.__compound_literal.67
                0x20000acc       0x10 ./X-CUBE-AI/App/network.o
 .data.gemm_11_output
                0x20000adc       0x1c ./X-CUBE-AI/App/network.o
 .data.__compound_literal.68
                0x20000af8       0x10 ./X-CUBE-AI/App/network.o
 .data.__compound_literal.69
                0x20000b08       0x10 ./X-CUBE-AI/App/network.o
 .data.gemm_11_weights
                0x20000b18       0x1c ./X-CUBE-AI/App/network.o
 .data.__compound_literal.70
                0x20000b34       0x10 ./X-CUBE-AI/App/network.o
 .data.__compound_literal.71
                0x20000b44       0x10 ./X-CUBE-AI/App/network.o
 .data.nl_0_nl_output
                0x20000b54       0x1c ./X-CUBE-AI/App/network.o
 .data.__compound_literal.72
                0x20000b70       0x10 ./X-CUBE-AI/App/network.o
 .data.__compound_literal.73
                0x20000b80       0x10 ./X-CUBE-AI/App/network.o
 .data.nl_12_output
                0x20000b90       0x1c ./X-CUBE-AI/App/network.o
 .data.__compound_literal.74
                0x20000bac       0x10 ./X-CUBE-AI/App/network.o
 .data.__compound_literal.75
                0x20000bbc       0x10 ./X-CUBE-AI/App/network.o
 .data.nl_1_nl_output
                0x20000bcc       0x1c ./X-CUBE-AI/App/network.o
 .data.__compound_literal.76
                0x20000be8       0x10 ./X-CUBE-AI/App/network.o
 .data.__compound_literal.77
                0x20000bf8       0x10 ./X-CUBE-AI/App/network.o
 .data.nl_2_nl_output
                0x20000c08       0x1c ./X-CUBE-AI/App/network.o
 .data.__compound_literal.78
                0x20000c24       0x10 ./X-CUBE-AI/App/network.o
 .data.__compound_literal.79
                0x20000c34       0x10 ./X-CUBE-AI/App/network.o
 .data.nl_3_nl_output
                0x20000c44       0x1c ./X-CUBE-AI/App/network.o
 .data.__compound_literal.80
                0x20000c60       0x10 ./X-CUBE-AI/App/network.o
 .data.__compound_literal.81
                0x20000c70       0x10 ./X-CUBE-AI/App/network.o
 .data.nl_4_nl_output
                0x20000c80       0x1c ./X-CUBE-AI/App/network.o
 .data.__compound_literal.82
                0x20000c9c       0x10 ./X-CUBE-AI/App/network.o
 .data.__compound_literal.83
                0x20000cac       0x10 ./X-CUBE-AI/App/network.o
 .data.nl_5_nl_output
                0x20000cbc       0x1c ./X-CUBE-AI/App/network.o
 .data.__compound_literal.84
                0x20000cd8       0x10 ./X-CUBE-AI/App/network.o
 .data.__compound_literal.85
                0x20000ce8       0x10 ./X-CUBE-AI/App/network.o
 .data.nl_6_nl_output
                0x20000cf8       0x1c ./X-CUBE-AI/App/network.o
 .data.__compound_literal.86
                0x20000d14       0x10 ./X-CUBE-AI/App/network.o
 .data.__compound_literal.87
                0x20000d24       0x10 ./X-CUBE-AI/App/network.o
 .data.nl_7_nl_output
                0x20000d34       0x1c ./X-CUBE-AI/App/network.o
 .data.__compound_literal.88
                0x20000d50       0x10 ./X-CUBE-AI/App/network.o
 .data.__compound_literal.89
                0x20000d60       0x10 ./X-CUBE-AI/App/network.o
 .data.nl_8_nl_output
                0x20000d70       0x1c ./X-CUBE-AI/App/network.o
 .data.__compound_literal.90
                0x20000d8c       0x10 ./X-CUBE-AI/App/network.o
 .data.__compound_literal.91
                0x20000d9c       0x10 ./X-CUBE-AI/App/network.o
 .data.pool_9_output
                0x20000dac       0x1c ./X-CUBE-AI/App/network.o
 .data.__compound_literal.92
                0x20000dc8       0x10 ./X-CUBE-AI/App/network.o
 .data.__compound_literal.93
                0x20000dd8       0x10 ./X-CUBE-AI/App/network.o
 .data.serving_default_input_10_output
                0x20000de8       0x1c ./X-CUBE-AI/App/network.o
 .data.__compound_literal.94
                0x20000e04        0x4 ./X-CUBE-AI/App/network.o
 .data.__compound_literal.95
                0x20000e08        0x4 ./X-CUBE-AI/App/network.o
 .data.__compound_literal.98
                0x20000e0c       0x30 ./X-CUBE-AI/App/network.o
 .data.nl_12_layer
                0x20000e3c       0x24 ./X-CUBE-AI/App/network.o
 .data.__compound_literal.99
                0x20000e60        0x4 ./X-CUBE-AI/App/network.o
 .data.__compound_literal.100
                0x20000e64        0x4 ./X-CUBE-AI/App/network.o
 .data.__compound_literal.101
                0x20000e68        0x8 ./X-CUBE-AI/App/network.o
 .data.__compound_literal.103
                0x20000e70       0x30 ./X-CUBE-AI/App/network.o
 .data.gemm_11_layer
                0x20000ea0       0x1c ./X-CUBE-AI/App/network.o
 .data.__compound_literal.104
                0x20000ebc        0x4 ./X-CUBE-AI/App/network.o
 .data.__compound_literal.105
                0x20000ec0        0x4 ./X-CUBE-AI/App/network.o
 .data.__compound_literal.108
                0x20000ec4       0x30 ./X-CUBE-AI/App/network.o
 .data.pool_9_layer
                0x20000ef4       0x38 ./X-CUBE-AI/App/network.o
 .data.__compound_literal.110
                0x20000f2c        0x4 ./X-CUBE-AI/App/network.o
 .data.__compound_literal.111
                0x20000f30        0x4 ./X-CUBE-AI/App/network.o
 .data.__compound_literal.114
                0x20000f34       0x30 ./X-CUBE-AI/App/network.o
 .data.nl_8_nl_layer
                0x20000f64       0x20 ./X-CUBE-AI/App/network.o
 .data.__compound_literal.115
                0x20000f84        0x4 ./X-CUBE-AI/App/network.o
 .data.__compound_literal.116
                0x20000f88        0x4 ./X-CUBE-AI/App/network.o
 .data.__compound_literal.117
                0x20000f8c        0xc ./X-CUBE-AI/App/network.o
 .data.__compound_literal.118
                0x20000f98        0x8 ./X-CUBE-AI/App/network.o
 .data.__compound_literal.119
                0x20000fa0       0x30 ./X-CUBE-AI/App/network.o
 .data.conv2d_8_layer
                0x20000fd0       0x44 ./X-CUBE-AI/App/network.o
 .data.__compound_literal.121
                0x20001014        0x4 ./X-CUBE-AI/App/network.o
 .data.__compound_literal.122
                0x20001018        0x4 ./X-CUBE-AI/App/network.o
 .data.__compound_literal.125
                0x2000101c       0x30 ./X-CUBE-AI/App/network.o
 .data.nl_7_nl_layer
                0x2000104c       0x20 ./X-CUBE-AI/App/network.o
 .data.__compound_literal.126
                0x2000106c        0x4 ./X-CUBE-AI/App/network.o
 .data.__compound_literal.127
                0x20001070        0x4 ./X-CUBE-AI/App/network.o
 .data.__compound_literal.128
                0x20001074        0xc ./X-CUBE-AI/App/network.o
 .data.__compound_literal.130
                0x20001080       0x30 ./X-CUBE-AI/App/network.o
 .data.__compound_literal.131
                0x200010b0       0x10 ./X-CUBE-AI/App/network.o
 .data.conv2d_7_layer
                0x200010c0       0x44 ./X-CUBE-AI/App/network.o
 .data.__compound_literal.132
                0x20001104        0x4 ./X-CUBE-AI/App/network.o
 .data.__compound_literal.133
                0x20001108        0x4 ./X-CUBE-AI/App/network.o
 .data.__compound_literal.136
                0x2000110c       0x30 ./X-CUBE-AI/App/network.o
 .data.nl_6_nl_layer
                0x2000113c       0x20 ./X-CUBE-AI/App/network.o
 .data.__compound_literal.137
                0x2000115c        0x4 ./X-CUBE-AI/App/network.o
 .data.__compound_literal.138
                0x20001160        0x4 ./X-CUBE-AI/App/network.o
 .data.__compound_literal.139
                0x20001164        0xc ./X-CUBE-AI/App/network.o
 .data.__compound_literal.140
                0x20001170        0x8 ./X-CUBE-AI/App/network.o
 .data.__compound_literal.141
                0x20001178       0x30 ./X-CUBE-AI/App/network.o
 .data.conv2d_6_layer
                0x200011a8       0x44 ./X-CUBE-AI/App/network.o
 .data.__compound_literal.143
                0x200011ec        0x4 ./X-CUBE-AI/App/network.o
 .data.__compound_literal.144
                0x200011f0        0x4 ./X-CUBE-AI/App/network.o
 .data.__compound_literal.147
                0x200011f4       0x30 ./X-CUBE-AI/App/network.o
 .data.nl_5_nl_layer
                0x20001224       0x20 ./X-CUBE-AI/App/network.o
 .data.__compound_literal.148
                0x20001244        0x4 ./X-CUBE-AI/App/network.o
 .data.__compound_literal.149
                0x20001248        0x4 ./X-CUBE-AI/App/network.o
 .data.__compound_literal.150
                0x2000124c        0xc ./X-CUBE-AI/App/network.o
 .data.__compound_literal.152
                0x20001258       0x30 ./X-CUBE-AI/App/network.o
 .data.__compound_literal.153
                0x20001288       0x10 ./X-CUBE-AI/App/network.o
 .data.conv2d_5_layer
                0x20001298       0x44 ./X-CUBE-AI/App/network.o
 .data.__compound_literal.154
                0x200012dc        0x4 ./X-CUBE-AI/App/network.o
 .data.__compound_literal.155
                0x200012e0        0x4 ./X-CUBE-AI/App/network.o
 .data.__compound_literal.158
                0x200012e4       0x30 ./X-CUBE-AI/App/network.o
 .data.nl_4_nl_layer
                0x20001314       0x20 ./X-CUBE-AI/App/network.o
 .data.__compound_literal.159
                0x20001334        0x4 ./X-CUBE-AI/App/network.o
 .data.__compound_literal.160
                0x20001338        0x4 ./X-CUBE-AI/App/network.o
 .data.__compound_literal.161
                0x2000133c        0xc ./X-CUBE-AI/App/network.o
 .data.__compound_literal.162
                0x20001348        0x8 ./X-CUBE-AI/App/network.o
 .data.__compound_literal.163
                0x20001350       0x30 ./X-CUBE-AI/App/network.o
 .data.conv2d_4_layer
                0x20001380       0x44 ./X-CUBE-AI/App/network.o
 .data.__compound_literal.165
                0x200013c4        0x4 ./X-CUBE-AI/App/network.o
 .data.__compound_literal.166
                0x200013c8        0x4 ./X-CUBE-AI/App/network.o
 .data.__compound_literal.169
                0x200013cc       0x30 ./X-CUBE-AI/App/network.o
 .data.nl_3_nl_layer
                0x200013fc       0x20 ./X-CUBE-AI/App/network.o
 .data.__compound_literal.170
                0x2000141c        0x4 ./X-CUBE-AI/App/network.o
 .data.__compound_literal.171
                0x20001420        0x4 ./X-CUBE-AI/App/network.o
 .data.__compound_literal.172
                0x20001424        0xc ./X-CUBE-AI/App/network.o
 .data.__compound_literal.174
                0x20001430       0x30 ./X-CUBE-AI/App/network.o
 .data.__compound_literal.175
                0x20001460       0x10 ./X-CUBE-AI/App/network.o
 .data.conv2d_3_layer
                0x20001470       0x44 ./X-CUBE-AI/App/network.o
 .data.__compound_literal.176
                0x200014b4        0x4 ./X-CUBE-AI/App/network.o
 .data.__compound_literal.177
                0x200014b8        0x4 ./X-CUBE-AI/App/network.o
 .data.__compound_literal.180
                0x200014bc       0x30 ./X-CUBE-AI/App/network.o
 .data.nl_2_nl_layer
                0x200014ec       0x20 ./X-CUBE-AI/App/network.o
 .data.__compound_literal.181
                0x2000150c        0x4 ./X-CUBE-AI/App/network.o
 .data.__compound_literal.182
                0x20001510        0x4 ./X-CUBE-AI/App/network.o
 .data.__compound_literal.183
                0x20001514        0xc ./X-CUBE-AI/App/network.o
 .data.__compound_literal.184
                0x20001520        0x8 ./X-CUBE-AI/App/network.o
 .data.__compound_literal.185
                0x20001528       0x30 ./X-CUBE-AI/App/network.o
 .data.conv2d_2_layer
                0x20001558       0x44 ./X-CUBE-AI/App/network.o
 .data.__compound_literal.187
                0x2000159c        0x4 ./X-CUBE-AI/App/network.o
 .data.__compound_literal.188
                0x200015a0        0x4 ./X-CUBE-AI/App/network.o
 .data.__compound_literal.191
                0x200015a4       0x30 ./X-CUBE-AI/App/network.o
 .data.nl_1_nl_layer
                0x200015d4       0x20 ./X-CUBE-AI/App/network.o
 .data.__compound_literal.192
                0x200015f4        0x4 ./X-CUBE-AI/App/network.o
 .data.__compound_literal.193
                0x200015f8        0x4 ./X-CUBE-AI/App/network.o
 .data.__compound_literal.194
                0x200015fc        0xc ./X-CUBE-AI/App/network.o
 .data.__compound_literal.196
                0x20001608       0x30 ./X-CUBE-AI/App/network.o
 .data.__compound_literal.197
                0x20001638       0x10 ./X-CUBE-AI/App/network.o
 .data.conv2d_1_layer
                0x20001648       0x44 ./X-CUBE-AI/App/network.o
 .data.__compound_literal.198
                0x2000168c        0x4 ./X-CUBE-AI/App/network.o
 .data.__compound_literal.199
                0x20001690        0x4 ./X-CUBE-AI/App/network.o
 .data.__compound_literal.202
                0x20001694       0x30 ./X-CUBE-AI/App/network.o
 .data.nl_0_nl_layer
                0x200016c4       0x20 ./X-CUBE-AI/App/network.o
 .data.__compound_literal.203
                0x200016e4        0x4 ./X-CUBE-AI/App/network.o
 .data.__compound_literal.204
                0x200016e8        0x4 ./X-CUBE-AI/App/network.o
 .data.__compound_literal.205
                0x200016ec        0xc ./X-CUBE-AI/App/network.o
 .data.__compound_literal.206
                0x200016f8        0x8 ./X-CUBE-AI/App/network.o
 .data.__compound_literal.207
                0x20001700       0x30 ./X-CUBE-AI/App/network.o
 .data.__compound_literal.208
                0x20001730       0x10 ./X-CUBE-AI/App/network.o
 .data.conv2d_0_layer
                0x20001740       0x44 ./X-CUBE-AI/App/network.o
 .data.__compound_literal.209
                0x20001784       0x10 ./X-CUBE-AI/App/network.o
 .data.__compound_literal.210
                0x20001794       0x1c ./X-CUBE-AI/App/network.o
 .data.__compound_literal.211
                0x200017b0       0x10 ./X-CUBE-AI/App/network.o
 .data.__compound_literal.212
                0x200017c0       0x1c ./X-CUBE-AI/App/network.o
 .data.__compound_literal.213
                0x200017dc        0x4 ./X-CUBE-AI/App/network.o
 .data.__compound_literal.217
                0x200017e0        0xc ./X-CUBE-AI/App/network.o
 .data.__compound_literal.218
                0x200017ec        0x4 ./X-CUBE-AI/App/network.o
 .data.__compound_literal.222
                0x200017f0        0xc ./X-CUBE-AI/App/network.o
 .data.__compound_literal.223
                0x200017fc       0x18 ./X-CUBE-AI/App/network.o
 .data.g_network
                0x20001814       0x4c ./X-CUBE-AI/App/network.o
 .data.__compound_literal.0
                0x20001860       0x10 ./X-CUBE-AI/App/network_data.o
 .data.g_network_data_map_activations
                0x20001870       0x1c ./X-CUBE-AI/App/network_data.o
                0x20001870                g_network_data_map_activations
 .data.__compound_literal.1
                0x2000188c       0x10 ./X-CUBE-AI/App/network_data.o
 .data.g_network_data_map_weights
                0x2000189c       0x1c ./X-CUBE-AI/App/network_data.o
                0x2000189c                g_network_data_map_weights
 .data.__sglue  0x200018b8        0xc C:/ST/STM32CubeIDE_1.16.1/STM32CubeIDE/plugins/com.st.stm32cube.ide.mcu.externaltools.gnu-tools-for-stm32.13.3.rel1.win32_1.0.0.202411081344/tools/bin/../lib/gcc/arm-none-eabi/13.3.1/../../../../arm-none-eabi/lib/thumb/v7e-m+fp/hard\libc_nano.a(libc_a-findfp.o)
                0x200018b8                __sglue
 .data._impure_ptr
                0x200018c4        0x4 C:/ST/STM32CubeIDE_1.16.1/STM32CubeIDE/plugins/com.st.stm32cube.ide.mcu.externaltools.gnu-tools-for-stm32.13.3.rel1.win32_1.0.0.202411081344/tools/bin/../lib/gcc/arm-none-eabi/13.3.1/../../../../arm-none-eabi/lib/thumb/v7e-m+fp/hard\libc_nano.a(libc_a-impure.o)
                0x200018c4                _impure_ptr
 .data._impure_data
                0x200018c8       0x4c C:/ST/STM32CubeIDE_1.16.1/STM32CubeIDE/plugins/com.st.stm32cube.ide.mcu.externaltools.gnu-tools-for-stm32.13.3.rel1.win32_1.0.0.202411081344/tools/bin/../lib/gcc/arm-none-eabi/13.3.1/../../../../arm-none-eabi/lib/thumb/v7e-m+fp/hard\libc_nano.a(libc_a-impure.o)
                0x200018c8                _impure_data
 *(.RamFunc)
 *(.RamFunc*)
                0x20001914                        . = ALIGN (0x4)
                0x20001914                        _edata = .

.igot.plt       0x20001914        0x0 load address 0x0801e160
 .igot.plt      0x20001914        0x0 C:/ST/STM32CubeIDE_1.16.1/STM32CubeIDE/plugins/com.st.stm32cube.ide.mcu.externaltools.gnu-tools-for-stm32.13.3.rel1.win32_1.0.0.202411081344/tools/bin/../lib/gcc/arm-none-eabi/13.3.1/thumb/v7e-m+fp/hard/crtbegin.o
                0x20001914                        . = ALIGN (0x4)

.bss            0x20001920     0xc814 load address 0x0801e160
                0x20001920                        _sbss = .
                0x20001920                        __bss_start__ = _sbss
 *(.bss)
 .bss           0x20001920       0x1c C:/ST/STM32CubeIDE_1.16.1/STM32CubeIDE/plugins/com.st.stm32cube.ide.mcu.externaltools.gnu-tools-for-stm32.13.3.rel1.win32_1.0.0.202411081344/tools/bin/../lib/gcc/arm-none-eabi/13.3.1/thumb/v7e-m+fp/hard/crtbegin.o
 *(.bss*)
 .bss.__sbrk_heap_end
                0x2000193c        0x4 ./Core/Src/sysmem.o
 .bss.uwTick    0x20001940        0x4 ./Drivers/STM32F4xx_HAL_Driver/Src/stm32f4xx_hal.o
                0x20001940                uwTick
 .bss.t_init    0x20001944        0x4 ./X-CUBE-AI/App/app_x-cube-ai.o
                0x20001944                t_init
 .bss.t_out     0x20001948        0x4 ./X-CUBE-AI/App/app_x-cube-ai.o
                0x20001948                t_out
 .bss.duration_us
                0x2000194c        0x4 ./X-CUBE-AI/App/app_x-cube-ai.o
                0x2000194c                duration_us
 .bss.duration_dwt
                0x20001950        0x4 ./X-CUBE-AI/App/app_x-cube-ai.o
                0x20001950                duration_dwt
 .bss.clock_Hz  0x20001954        0x4 ./X-CUBE-AI/App/app_x-cube-ai.o
                0x20001954                clock_Hz
 .bss.cpuclk    0x20001958        0x4 ./X-CUBE-AI/App/app_x-cube-ai.o
                0x20001958                cpuclk
 .bss.data_ins  0x2000195c        0x4 ./X-CUBE-AI/App/app_x-cube-ai.o
                0x2000195c                data_ins
 .bss.data_outs
                0x20001960        0x4 ./X-CUBE-AI/App/app_x-cube-ai.o
                0x20001960                data_outs
 *fill*         0x20001964       0x1c 
 .bss.pool0     0x20001980     0xc500 ./X-CUBE-AI/App/app_x-cube-ai.o
 .bss.network   0x2000de80        0x4 ./X-CUBE-AI/App/app_x-cube-ai.o
 .bss.ai_input  0x2000de84        0x4 ./X-CUBE-AI/App/app_x-cube-ai.o
 .bss.ai_output
                0x2000de88        0x4 ./X-CUBE-AI/App/app_x-cube-ai.o
 .bss.network_out_buff
                0x2000de8c       0x30 ./X-CUBE-AI/App/app_x-cube-ai.o
                0x2000de8c                network_out_buff
 .bss.g_network_activations_map
                0x2000debc        0x4 ./X-CUBE-AI/App/network.o
 .bss.g_network_weights_map
                0x2000dec0        0x4 ./X-CUBE-AI/App/network.o
 .bss.__compound_literal.96
                0x2000dec4        0x4 ./X-CUBE-AI/App/network.o
 .bss.__compound_literal.97
                0x2000dec8        0x4 ./X-CUBE-AI/App/network.o
 .bss.__compound_literal.102
                0x2000decc        0x4 ./X-CUBE-AI/App/network.o
 .bss.__compound_literal.106
                0x2000ded0        0x4 ./X-CUBE-AI/App/network.o
 .bss.__compound_literal.107
                0x2000ded4        0x4 ./X-CUBE-AI/App/network.o
 .bss.__compound_literal.109
                0x2000ded8       0x10 ./X-CUBE-AI/App/network.o
 .bss.__compound_literal.112
                0x2000dee8        0x4 ./X-CUBE-AI/App/network.o
 .bss.__compound_literal.113
                0x2000deec        0x4 ./X-CUBE-AI/App/network.o
 .bss.__compound_literal.120
                0x2000def0       0x10 ./X-CUBE-AI/App/network.o
 .bss.__compound_literal.123
                0x2000df00        0x4 ./X-CUBE-AI/App/network.o
 .bss.__compound_literal.124
                0x2000df04        0x4 ./X-CUBE-AI/App/network.o
 .bss.__compound_literal.129
                0x2000df08        0x4 ./X-CUBE-AI/App/network.o
 .bss.__compound_literal.134
                0x2000df0c        0x4 ./X-CUBE-AI/App/network.o
 .bss.__compound_literal.135
                0x2000df10        0x4 ./X-CUBE-AI/App/network.o
 .bss.__compound_literal.142
                0x2000df14       0x10 ./X-CUBE-AI/App/network.o
 .bss.__compound_literal.145
                0x2000df24        0x4 ./X-CUBE-AI/App/network.o
 .bss.__compound_literal.146
                0x2000df28        0x4 ./X-CUBE-AI/App/network.o
 .bss.__compound_literal.151
                0x2000df2c        0x4 ./X-CUBE-AI/App/network.o
 .bss.__compound_literal.156
                0x2000df30        0x4 ./X-CUBE-AI/App/network.o
 .bss.__compound_literal.157
                0x2000df34        0x4 ./X-CUBE-AI/App/network.o
 .bss.__compound_literal.164
                0x2000df38       0x10 ./X-CUBE-AI/App/network.o
 .bss.__compound_literal.167
                0x2000df48        0x4 ./X-CUBE-AI/App/network.o
 .bss.__compound_literal.168
                0x2000df4c        0x4 ./X-CUBE-AI/App/network.o
 .bss.__compound_literal.173
                0x2000df50        0x4 ./X-CUBE-AI/App/network.o
 .bss.__compound_literal.178
                0x2000df54        0x4 ./X-CUBE-AI/App/network.o
 .bss.__compound_literal.179
                0x2000df58        0x4 ./X-CUBE-AI/App/network.o
 .bss.__compound_literal.186
                0x2000df5c       0x10 ./X-CUBE-AI/App/network.o
 .bss.__compound_literal.189
                0x2000df6c        0x4 ./X-CUBE-AI/App/network.o
 .bss.__compound_literal.190
                0x2000df70        0x4 ./X-CUBE-AI/App/network.o
 .bss.__compound_literal.195
                0x2000df74        0x4 ./X-CUBE-AI/App/network.o
 .bss.__compound_literal.200
                0x2000df78        0x4 ./X-CUBE-AI/App/network.o
 .bss.__compound_literal.201
                0x2000df7c        0x4 ./X-CUBE-AI/App/network.o
 .bss.__compound_literal.214
                0x2000df80       0x1c ./X-CUBE-AI/App/network.o
 .bss.__compound_literal.215
                0x2000df9c       0x10 ./X-CUBE-AI/App/network.o
 .bss.__compound_literal.216
                0x2000dfac        0x8 ./X-CUBE-AI/App/network.o
 .bss.__compound_literal.219
                0x2000dfb4       0x1c ./X-CUBE-AI/App/network.o