../X-CUBE-AI/App/app_x-cube-ai.c:107:13:ai_log_err	16	static
../X-CUBE-AI/App/app_x-cube-ai.c:120:12:ai_boostrap	32	static
../X-CUBE-AI/App/app_x-cube-ai.c:163:12:ai_run	16	static
../X-CUBE-AI/App/app_x-cube-ai.c:179:5:acquire_and_process_data	24	static
../X-CUBE-AI/App/app_x-cube-ai.c:188:5:post_process	24	static
../X-CUBE-AI/App/app_x-cube-ai.c:197:6:init_dwt	4	static
../X-CUBE-AI/App/app_x-cube-ai.c:203:6:time_in	4	static
../X-CUBE-AI/App/app_x-cube-ai.c:208:10:time_out	4	static
../X-CUBE-AI/App/app_x-cube-ai.c:216:6:MX_X_CUBE_AI_Init	8	static
../X-CUBE-AI/App/app_x-cube-ai.c:228:6:MX_X_CUBE_AI_Process	24	static
